Component: ARM Compiler 6.16 Tool: armlink [5dfeaa00]

==============================================================================

Section Cross References

    gd32f10x_it.o(.ARM.exidx.text.NMI_Handler) refers to gd32f10x_it.o(.text.NMI_Handler) for [Anonymous Symbol]
    gd32f10x_it.o(.ARM.exidx.text.HardFault_Handler) refers to gd32f10x_it.o(.text.HardFault_Handler) for [Anonymous Symbol]
    gd32f10x_it.o(.ARM.exidx.text.MemManage_Handler) refers to gd32f10x_it.o(.text.MemManage_Handler) for [Anonymous Symbol]
    gd32f10x_it.o(.ARM.exidx.text.BusFault_Handler) refers to gd32f10x_it.o(.text.BusFault_Handler) for [Anonymous Symbol]
    gd32f10x_it.o(.ARM.exidx.text.UsageFault_Handler) refers to gd32f10x_it.o(.text.UsageFault_Handler) for [Anonymous Symbol]
    gd32f10x_it.o(.ARM.exidx.text.SVC_Handler) refers to gd32f10x_it.o(.text.SVC_Handler) for [Anonymous Symbol]
    gd32f10x_it.o(.ARM.exidx.text.DebugMon_Handler) refers to gd32f10x_it.o(.text.DebugMon_Handler) for [Anonymous Symbol]
    gd32f10x_it.o(.ARM.exidx.text.PendSV_Handler) refers to gd32f10x_it.o(.text.PendSV_Handler) for [Anonymous Symbol]
    gd32f10x_it.o(.text.SysTick_Handler) refers to systick.o(.text.delay_decrement) for delay_decrement
    gd32f10x_it.o(.text.SysTick_Handler) refers to systick.o(.text.HAL_IncTick) for HAL_IncTick
    gd32f10x_it.o(.text.SysTick_Handler) refers to bsp_timer.o(.text.BSP_Timer_Handler) for BSP_Timer_Handler
    gd32f10x_it.o(.ARM.exidx.text.SysTick_Handler) refers to gd32f10x_it.o(.text.SysTick_Handler) for [Anonymous Symbol]
    gd32f10x_it.o(.text.USART0_IRQHandler) refers to gd32f10x_usart.o(.text.usart_interrupt_flag_get) for usart_interrupt_flag_get
    gd32f10x_it.o(.text.USART0_IRQHandler) refers to gd32f10x_usart.o(.text.usart_data_receive) for usart_data_receive
    gd32f10x_it.o(.text.USART0_IRQHandler) refers to usart.o(.text.get_UART_Recv_t) for get_UART_Recv_t
    gd32f10x_it.o(.text.USART0_IRQHandler) refers to gd32f10x_dma.o(.text.dma_transfer_number_get) for dma_transfer_number_get
    gd32f10x_it.o(.text.USART0_IRQHandler) refers to memcpya.o(.text) for __aeabi_memcpy
    gd32f10x_it.o(.text.USART0_IRQHandler) refers to gd32f10x_dma.o(.text.dma_channel_disable) for dma_channel_disable
    gd32f10x_it.o(.text.USART0_IRQHandler) refers to gd32f10x_dma.o(.text.dma_transfer_number_config) for dma_transfer_number_config
    gd32f10x_it.o(.text.USART0_IRQHandler) refers to gd32f10x_dma.o(.text.dma_channel_enable) for dma_channel_enable
    gd32f10x_it.o(.ARM.exidx.text.USART0_IRQHandler) refers to gd32f10x_it.o(.text.USART0_IRQHandler) for [Anonymous Symbol]
    gd32f10x_it.o(.text.USART1_IRQHandler) refers to gd32f10x_usart.o(.text.usart_interrupt_flag_get) for usart_interrupt_flag_get
    gd32f10x_it.o(.text.USART1_IRQHandler) refers to gd32f10x_usart.o(.text.usart_data_receive) for usart_data_receive
    gd32f10x_it.o(.text.USART1_IRQHandler) refers to usart.o(.text.get_UART_Recv_t) for get_UART_Recv_t
    gd32f10x_it.o(.text.USART1_IRQHandler) refers to gd32f10x_dma.o(.text.dma_transfer_number_get) for dma_transfer_number_get
    gd32f10x_it.o(.text.USART1_IRQHandler) refers to main.o(.bss.ExitTransparentState) for ExitTransparentState
    gd32f10x_it.o(.text.USART1_IRQHandler) refers to strstr.o(.text) for strstr
    gd32f10x_it.o(.text.USART1_IRQHandler) refers to bw236.o(.bss.at_cmd) for at_cmd
    gd32f10x_it.o(.text.USART1_IRQHandler) refers to bw236.o(.text.AT_UART_IdleHandler) for AT_UART_IdleHandler
    gd32f10x_it.o(.text.USART1_IRQHandler) refers to gd32f10x_dma.o(.text.dma_channel_disable) for dma_channel_disable
    gd32f10x_it.o(.text.USART1_IRQHandler) refers to gd32f10x_dma.o(.text.dma_transfer_number_config) for dma_transfer_number_config
    gd32f10x_it.o(.text.USART1_IRQHandler) refers to gd32f10x_dma.o(.text.dma_channel_enable) for dma_channel_enable
    gd32f10x_it.o(.text.USART1_IRQHandler) refers to usart.o(.text.bt_sendbuff) for bt_sendbuff
    gd32f10x_it.o(.text.USART1_IRQHandler) refers to memseta.o(.text) for __aeabi_memclr
    gd32f10x_it.o(.ARM.exidx.text.USART1_IRQHandler) refers to gd32f10x_it.o(.text.USART1_IRQHandler) for [Anonymous Symbol]
    gd32f10x_it.o(.text.USBD_LP_CAN0_RX0_IRQHandler) refers to memseta.o(.text) for __aeabi_memclr4
    gd32f10x_it.o(.text.USBD_LP_CAN0_RX0_IRQHandler) refers to gd32f10x_can.o(.text.can_message_receive) for can_message_receive
    gd32f10x_it.o(.ARM.exidx.text.USBD_LP_CAN0_RX0_IRQHandler) refers to gd32f10x_it.o(.text.USBD_LP_CAN0_RX0_IRQHandler) for [Anonymous Symbol]
    gd32f10x_it.o(.ARM.exidx.text.sort) refers to gd32f10x_it.o(.text.sort) for [Anonymous Symbol]
    gd32f10x_it.o(.ARM.exidx.text.calculate_average) refers to gd32f10x_it.o(.text.calculate_average) for [Anonymous Symbol]
    gd32f10x_it.o(.text.DMA0_Channel0_IRQHandler) refers to gd32f10x_dma.o(.text.dma_flag_get) for dma_flag_get
    gd32f10x_it.o(.text.DMA0_Channel0_IRQHandler) refers to gd32f10x_dma.o(.text.dma_flag_clear) for dma_flag_clear
[...]
    rcu_adc_clock_config                     0x0800bfa1   Thumb Code    64  gd32f10x_rcu.o(.text.rcu_adc_clock_config)
    rcu_bkp_reset_disable                    0x0800bfe1   Thumb Code    18  gd32f10x_rcu.o(.text.rcu_bkp_reset_disable)
    rcu_bkp_reset_enable                     0x0800bff5   Thumb Code    18  gd32f10x_rcu.o(.text.rcu_bkp_reset_enable)
    rcu_clock_freq_get                       0x0800c009   Thumb Code   156  gd32f10x_rcu.o(.text.rcu_clock_freq_get)
    rcu_flag_get                             0x0800c0e1   Thumb Code    26  gd32f10x_rcu.o(.text.rcu_flag_get)
    rcu_osci_on                              0x0800c0fd   Thumb Code    30  gd32f10x_rcu.o(.text.rcu_osci_on)
    rcu_osci_stab_wait                       0x0800c11d   Thumb Code   216  gd32f10x_rcu.o(.text.rcu_osci_stab_wait)
    rcu_periph_clock_enable                  0x0800c1f5   Thumb Code    30  gd32f10x_rcu.o(.text.rcu_periph_clock_enable)
    rcu_periph_reset_disable                 0x0800c215   Thumb Code    32  gd32f10x_rcu.o(.text.rcu_periph_reset_disable)
    rcu_periph_reset_enable                  0x0800c235   Thumb Code    30  gd32f10x_rcu.o(.text.rcu_periph_reset_enable)
    rcu_rtc_clock_config                     0x0800c255   Thumb Code    20  gd32f10x_rcu.o(.text.rcu_rtc_clock_config)
    read_channel_info                        0x0800c7a5   Thumb Code   140  main.o(.text.read_channel_info)
    read_dev_info                            0x0800c831   Thumb Code   244  main.o(.text.read_dev_info)
    read_history_data                        0x0800c925   Thumb Code   288  main.o(.text.read_history_data)
    read_history_lenth                       0x0800ca65   Thumb Code   204  main.o(.text.read_history_lenth)
    register_command                         0x0800ce7d   Thumb Code    70  main.o(.text.register_command)
    rs485_send_hs_process                    0x0800cfa9   Thumb Code   206  main.o(.text.rs485_send_hs_process)
    rs485_sendbuff                           0x0800d079   Thumb Code    84  usart.o(.text.rs485_sendbuff)
    rtc_configuration                        0x0800d0cd   Thumb Code    84  rtc.o(.text.rtc_configuration)
    rtc_configuration_mode_enter             0x0800d121   Thumb Code    18  gd32f10x_rtc.o(.text.rtc_configuration_mode_enter)
    rtc_configuration_mode_exit              0x0800d135   Thumb Code    18  gd32f10x_rtc.o(.text.rtc_configuration_mode_exit)
    rtc_counter_get                          0x0800d149   Thumb Code    18  gd32f10x_rtc.o(.text.rtc_counter_get)
    rtc_counter_set                          0x0800d15d   Thumb Code    30  gd32f10x_rtc.o(.text.rtc_counter_set)
    rtc_init                                 0x0800d17d   Thumb Code   152  rtc.o(.text.rtc_init)
    rtc_lwoff_wait                           0x0800d2a5   Thumb Code    16  gd32f10x_rtc.o(.text.rtc_lwoff_wait)
    rtc_prescaler_set                        0x0800d2b5   Thumb Code    32  gd32f10x_rtc.o(.text.rtc_prescaler_set)
    rtc_register_sync_wait                   0x0800d2d5   Thumb Code    24  gd32f10x_rtc.o(.text.rtc_register_sync_wait)
    sendBTdata                               0x0800d2ed   Thumb Code   152  bw236.o(.text.sendBTdata)
    set_BTname                               0x0800d4e5   Thumb Code    42  main.o(.text.set_BTname)
    set_time                                 0x0800d511   Thumb Code    58  rtc.o(.text.set_time)
    sfud_chip_erase                          0x0800d639   Thumb Code   232  sfud.o(.text.sfud_chip_erase)
    sfud_device_init                         0x0800d751   Thumb Code    62  sfud.o(.text.sfud_device_init)
    sfud_erase                               0x0800d791   Thumb Code   404  sfud.o(.text.sfud_erase)
    sfud_get_device                          0x0800d951   Thumb Code    18  sfud.o(.text.sfud_get_device)
    sfud_init                                0x0800d965   Thumb Code    56  sfud.o(.text.sfud_init)
    sfud_log_debug                           0x0800d9e1   Thumb Code    64  sfud_port.o(.text.sfud_log_debug)
    sfud_log_info                            0x0800da31   Thumb Code    60  sfud_port.o(.text.sfud_log_info)
    sfud_read                                0x0800da75   Thumb Code   264  sfud.o(.text.sfud_read)
    sfud_read_sfdp                           0x0800db85   Thumb Code    96  sfud_sfdp.o(.text.sfud_read_sfdp)
    sfud_read_status                         0x0800dbf5   Thumb Code   132  sfud.o(.text.sfud_read_status)
    sfud_sfdp_get_suitable_eraser            0x0800dc81   Thumb Code   116  sfud_sfdp.o(.text.sfud_sfdp_get_suitable_eraser)
    sfud_spi_port_init                       0x0800dd2d   Thumb Code    64  sfud_port.o(.text.sfud_spi_port_init)
    sfud_write                               0x0800dd6d   Thumb Code    50  sfud.o(.text.sfud_write)
    sfud_write_status                        0x0800dda1   Thumb Code   148  sfud.o(.text.sfud_write_status)
    sort                                     0x0800debd   Thumb Code    80  gd32f10x_it.o(.text.sort)
    spi0_config                              0x0800df0d   Thumb Code    72  spi_flash.o(.text.spi0_config)
    spi0_gpio_config                         0x0800df55   Thumb Code    40  spi_flash.o(.text.spi0_gpio_config)
    spi2_config                              0x0800df99   Thumb Code    74  spi_flash.o(.text.spi2_config)
    spi2_gpio_config                         0x0800dfe5   Thumb Code    26  spi_flash.o(.text.spi2_gpio_config)
    spi_enable                               0x0800e015   Thumb Code    10  gd32f10x_spi.o(.text.spi_enable)
    spi_i2s_data_receive                     0x0800e021   Thumb Code     6  gd32f10x_spi.o(.text.spi_i2s_data_receive)
    spi_i2s_data_transmit                    0x0800e029   Thumb Code     4  gd32f10x_spi.o(.text.spi_i2s_data_transmit)
    spi_i2s_deinit                           0x0800e02d   Thumb Code    70  gd32f10x_spi.o(.text.spi_i2s_deinit)
    spi_i2s_flag_get                         0x0800e075   Thumb Code    10  gd32f10x_spi.o(.text.spi_i2s_flag_get)
    spi_init                                 0x0800e081   Thumb Code    52  gd32f10x_spi.o(.text.spi_init)
    spi_struct_para_init                     0x0800e0b9   Thumb Code    18  gd32f10x_spi.o(.text.spi_struct_para_init)
    systick_config                           0x0800e1e1   Thumb Code    42  systick.o(.text.systick_config)
    time_adjust                              0x0800e20d   Thumb Code    46  rtc.o(.text.time_adjust)
    usart_baudrate_set                       0x0800e23d   Thumb Code   106  gd32f10x_usart.o(.text.usart_baudrate_set)
    usart_config                             0x0800e2a9   Thumb Code   434  usart.o(.text.usart_config)
    usart_data_receive                       0x0800e45d   Thumb Code     8  gd32f10x_usart.o(.text.usart_data_receive)
    usart_data_transmit                      0x0800e465   Thumb Code     8  gd32f10x_usart.o(.text.usart_data_transmit)
    usart_deinit                             0x0800e46d   Thumb Code   118  gd32f10x_usart.o(.text.usart_deinit)
    usart_disable                            0x0800e4e5   Thumb Code    10  gd32f10x_usart.o(.text.usart_disable)
    usart_dma_receive_config                 0x0800e4f1   Thumb Code    20  gd32f10x_usart.o(.text.usart_dma_receive_config)
    usart_enable                             0x0800e505   Thumb Code    10  gd32f10x_usart.o(.text.usart_enable)
    usart_flag_get                           0x0800e511   Thumb Code    16  gd32f10x_usart.o(.text.usart_flag_get)
    usart_hardware_flow_cts_config           0x0800e521   Thumb Code    20  gd32f10x_usart.o(.text.usart_hardware_flow_cts_config)
    usart_hardware_flow_rts_config           0x0800e535   Thumb Code    20  gd32f10x_usart.o(.text.usart_hardware_flow_rts_config)
    usart_interrupt_enable                   0x0800e549   Thumb Code    24  gd32f10x_usart.o(.text.usart_interrupt_enable)
    usart_interrupt_flag_get                 0x0800e561   Thumb Code    34  gd32f10x_usart.o(.text.usart_interrupt_flag_get)
    usart_nvic_config                        0x0800e585   Thumb Code    24  usart.o(.text.usart_nvic_config)
    usart_parity_config                      0x0800e59d   Thumb Code    16  gd32f10x_usart.o(.text.usart_parity_config)
    usart_receive_config                     0x0800e5ad   Thumb Code    12  gd32f10x_usart.o(.text.usart_receive_config)
    usart_stop_bit_set                       0x0800e5b9   Thumb Code    16  gd32f10x_usart.o(.text.usart_stop_bit_set)
    usart_transmit_config                    0x0800e5c9   Thumb Code    12  gd32f10x_usart.o(.text.usart_transmit_config)
    usart_word_length_set                    0x0800e5d5   Thumb Code    16  gd32f10x_usart.o(.text.usart_word_length_set)
    user_gpio_init                           0x0800e5e5   Thumb Code   234  gpio.o(.text.user_gpio_init)
    vPortFree                                0x0800e6d1   Thumb Code    88  malloc.o(.text.vPortFree)
    write_channel_info                       0x0800e7d9   Thumb Code   100  main.o(.text.write_channel_info)
    write_dev_info                           0x0800e83d   Thumb Code   118  main.o(.text.write_dev_info)
    write_history_data                       0x0800e8b5   Thumb Code   192  main.o(.text.write_history_data)
    __0printf                                0x0800e975   Thumb Code    22  printfa.o(i.__0printf)
    __1printf                                0x0800e975   Thumb Code     0  printfa.o(i.__0printf)
    __2printf                                0x0800e975   Thumb Code     0  printfa.o(i.__0printf)
    __c89printf                              0x0800e975   Thumb Code     0  printfa.o(i.__0printf)
    printf                                   0x0800e975   Thumb Code     0  printfa.o(i.__0printf)
    __0snprintf                              0x0800e995   Thumb Code    48  printfa.o(i.__0snprintf)
    __1snprintf                              0x0800e995   Thumb Code     0  printfa.o(i.__0snprintf)
    __2snprintf                              0x0800e995   Thumb Code     0  printfa.o(i.__0snprintf)
    __c89snprintf                            0x0800e995   Thumb Code     0  printfa.o(i.__0snprintf)
    snprintf                                 0x0800e995   Thumb Code     0  printfa.o(i.__0snprintf)
    __0sprintf                               0x0800e9c9   Thumb Code    34  printfa.o(i.__0sprintf)
    __1sprintf                               0x0800e9c9   Thumb Code     0  printfa.o(i.__0sprintf)
    __2sprintf                               0x0800e9c9   Thumb Code     0  printfa.o(i.__0sprintf)
    __c89sprintf                             0x0800e9c9   Thumb Code     0  printfa.o(i.__0sprintf)
    sprintf                                  0x0800e9c9   Thumb Code     0  printfa.o(i.__0sprintf)
    __0vsnprintf                             0x0800e9f1   Thumb Code    46  printfa.o(i.__0vsnprintf)
    __1vsnprintf                             0x0800e9f1   Thumb Code     0  printfa.o(i.__0vsnprintf)
    __2vsnprintf                             0x0800e9f1   Thumb Code     0  printfa.o(i.__0vsnprintf)
    __c89vsnprintf                           0x0800e9f1   Thumb Code     0  printfa.o(i.__0vsnprintf)
    vsnprintf                                0x0800e9f1   Thumb Code     0  printfa.o(i.__0vsnprintf)
    __aeabi_errno_addr                       0x0800ea25   Thumb Code     4  errno.o(i.__aeabi_errno_addr)
    __rt_errno_addr                          0x0800ea25   Thumb Code     0  errno.o(i.__aeabi_errno_addr)
    __scatterload_copy                       0x0800ea2d   Thumb Code    14  handlers.o(i.__scatterload_copy)
    __scatterload_null                       0x0800ea3b   Thumb Code     2  handlers.o(i.__scatterload_null)
    __scatterload_zeroinit                   0x0800ea3d   Thumb Code    14  handlers.o(i.__scatterload_zeroinit)
    putchar                                  0x0800f321   Thumb Code     6  putchar.o(i.putchar)
    puts                                     0x0800f32d   Thumb Code    30  puts.o(i.puts)
    __ctype_table                            0x0800f350   Data         129  ctype_o.o(.constdata)
    ascii_1206                               0x0800f3d8   Data        1140  lcd.o(.rodata.ascii_1206)
    ascii_1608                               0x0800f84c   Data        1520  lcd.o(.rodata.ascii_1608)
    ascii_2412                               0x0800fe3c   Data        4560  lcd.o(.rodata.ascii_2412)
    ascii_3216                               0x0801100c   Data        6080  lcd.o(.rodata.ascii_3216)
    month_days                               0x08012bf8   Data          12  rtc.o(.rodata.month_days)
    tfont12                                  0x08013e21   Data         130  lcd.o(.rodata.tfont12)
    tfont16                                  0x08013ea3   Data        2312  lcd.o(.rodata.tfont16)
    tfont24                                  0x080147ab   Data        2516  lcd.o(.rodata.tfont24)
    tfont32                                  0x0801517f   Data         650  lcd.o(.rodata.tfont32)
    Region$$Table$$Base                      0x0801540c   Number         0  anon$$obj.o(Region$$Table)
    Region$$Table$$Limit                     0x0801542c   Number         0  anon$$obj.o(Region$$Table)
    __stdout                                 0x20000000   Data           4  stdout.o(.data)
    RS485_CRCTbl                             0x20000008   Data         512  misc.o(.data.RS485_CRCTbl)
    SystemCoreClock                          0x20000208   Data           4  system_gd32f10x.o(.data.SystemCoreClock)
    Thresholds                               0x2000020c   Data          24  main.o(.data.Thresholds)
    g_devInfo                                0x20000298   Data          23  main.o(.data.g_devInfo)
    CollectTimer                             0x200002b0   Data          28  main.o(.bss.CollectTimer)
    ExitTransparentState                     0x200002cc   Data           1  main.o(.bss.ExitTransparentState)
    ProcessSaveHsTimer                       0x200002d0   Data          28  main.o(.bss.ProcessSaveHsTimer)
    RTCSRC_FLAG                              0x200002ec   Data           4  rtc.o(.bss.RTCSRC_FLAG)
    adc_value                                0x20000340   Data           8  adc.o(.bss.adc_value)
    at_cmd                                   0x20000348   Data        4144  bw236.o(.bss.at_cmd)
    cfg                                      0x2000137c   Data          84  lfs_port.o(.bss.cfg)
    file_dev                                 0x200014d8   Data          84  main.o(.bss.file_dev)
    file_hs                                  0x2000152c   Data          84  main.o(.bss.file_hs)
    file_sensor                              0x20001580   Data          84  main.o(.bss.file_sensor)
    filtered_adc_values                      0x200015d4   Data           8  adc.o(.bss.filtered_adc_values)
    g_DateTime                               0x200015dc   Data           6  rtc.o(.bss.g_DateTime)
    g_HDC1080                                0x200015e4   Data           8  i2c.o(.bss.g_HDC1080)
    g_INA226                                 0x200015ec   Data          20  i2c.o(.bss.g_INA226)
    g_actual_length                          0x20001600   Data           8  main.o(.bss.g_actual_length)
    g_channelInfo                            0x20001608   Data          40  main.o(.bss.g_channelInfo)
    g_environment                            0x20001630   Data          16  i2c.o(.bss.g_environment)
    history_flag                             0x20001640   Data           2  main.o(.bss.history_flag)
    is_transparent_mode                      0x20001642   Data           1  bw236.o(.bss.is_transparent_mode)
    lfs                                      0x20001644   Data         128  main.o(.bss.lfs)
    tcp_id                                   0x200018f8   Data           4  bw236.o(.bss.tcp_id)
    uart0_rx                                 0x20001900   Data        1030  usart.o(.bss.uart0_rx)
    uart1_rx                                 0x20001d06   Data        1030  usart.o(.bss.uart1_rx)
    uwTick                                   0x2000b90c   Data           4  systick.o(.bss.uwTick)
    __initial_sp                             0x2000c530   Data           0  startup_gd32f10x_hd.o(STACK)



==============================================================================

Memory Map of the image

  Image Entry point : 0x08000131

  Load Region LR_IROM1 (Base: 0x08000000, Size: 0x000156e0, Max: 0x00080000, ABSOLUTE, COMPRESSED[0x00015668])

    Execution Region ER_IROM1 (Exec base: 0x08000000, Load base: 0x08000000, Size: 0x0001542c, Max: 0x00080000, ABSOLUTE)

    Exec Addr    Load Addr    Size         Type   Attr      Idx    E Section Name        Object

    0x08000000   0x08000000   0x00000130   Data   RO         1782    RESET               startup_gd32f10x_hd.o
    0x08000130   0x08000130   0x00000000   Code   RO         2309  * .ARM.Collect$$$$00000000  mc_w.l(entry.o)
    0x08000130   0x08000130   0x00000004   Code   RO         2661    .ARM.Collect$$$$00000001  mc_w.l(entry2.o)
    0x08000134   0x08000134   0x00000004   Code   RO         2664    .ARM.Collect$$$$00000004  mc_w.l(entry5.o)
    0x08000138   0x08000138   0x00000000   Code   RO         2666    .ARM.Collect$$$$00000008  mc_w.l(entry7b.o)
    0x08000138   0x08000138   0x00000000   Code   RO         2668    .ARM.Collect$$$$0000000A  mc_w.l(entry8b.o)
    0x08000138   0x08000138   0x00000008   Code   RO         2669    .ARM.Collect$$$$0000000B  mc_w.l(entry9a.o)
    0x08000140   0x08000140   0x00000000   Code   RO         2671    .ARM.Collect$$$$0000000D  mc_w.l(entry10a.o)
    0x08000140   0x08000140   0x00000000   Code   RO         2673    .ARM.Collect$$$$0000000F  mc_w.l(entry11a.o)
    0x08000140   0x08000140   0x00000004   Code   RO         2662    .ARM.Collect$$$$00002712  mc_w.l(entry2.o)
    0x08000144   0x08000144   0x00000024   Code   RO         1783    .text               startup_gd32f10x_hd.o
    0x08000168   0x08000168   0x00000008   Code   RO         2318    .text               mc_w.l(ctype_o.o)
    0x08000170   0x08000170   0x00000012   Code   RO         2340    .text               mc_w.l(isspace_o.o)
    0x08000182   0x08000182   0x00000024   Code   RO         2346    .text               mc_w.l(memcpya.o)
    0x080001a6   0x080001a6   0x00000024   Code   RO         2348    .text               mc_w.l(memseta.o)
    0x080001ca   0x080001ca   0x00000024   Code   RO         2350    .text               mc_w.l(strstr.o)
    0x080001ee   0x080001ee   0x00000018   Code   RO         2352    .text               mc_w.l(strncpy.o)
    0x08000206   0x08000206   0x00000014   Code   RO         2354    .text               mc_w.l(strchr.o)
    0x0800021a   0x0800021a   0x0000000e   Code   RO         2356    .text               mc_w.l(strlen.o)
    0x08000228   0x08000228   0x0000001c   Code   RO         2358    .text               mc_w.l(strcmp.o)
    0x08000244   0x08000244   0x0000001a   Code   RO         2360    .text               mc_w.l(memcmp.o)
    0x0800025e   0x0800025e   0x00000028   Code   RO         2362    .text               mc_w.l(strncat.o)
    0x08000286   0x08000286   0x0000001c   Code   RO         2364    .text               mc_w.l(strspn.o)
    0x080002a2   0x080002a2   0x00000022   Code   RO         2366    .text               mc_w.l(strcspn.o)
    0x080002c4   0x080002c4   0x00000038   Code   RO         2631    .text               mc_w.l(__0sscanf.o)
    0x080002fc   0x080002fc   0x0000014c   Code   RO         2633    .text               mc_w.l(_scanf_int.o)
    0x08000448   0x08000448   0x000000e0   Code   RO         2635    .text               mc_w.l(_scanf_str.o)
    0x08000528   0x08000528   0x00000070   Code   RO         2637    .text               mc_w.l(strtol.o)
    0x08000598   0x08000598   0x000000b0   Code   RO         2639    .text               mf_w.l(fadd.o)
    0x08000648   0x08000648   0x00000064   Code   RO         2641    .text               mf_w.l(fmul.o)
    0x080006ac   0x080006ac   0x0000007c   Code   RO         2643    .text               mf_w.l(fdiv.o)
    0x08000728   0x08000728   0x0000014e   Code   RO         2645    .text               mf_w.l(dadd.o)
    0x08000876   0x08000876   0x000000e4   Code   RO         2647    .text               mf_w.l(dmul.o)
    0x0800095a   0x0800095a   0x0000001c   Code   RO         2649    .text               mf_w.l(fcmpgt.o)
    0x08000976   0x08000976   0x00000012   Code   RO         2651    .text               mf_w.l(fflti.o)
    0x08000988   0x08000988   0x0000000a   Code   RO         2653    .text               mf_w.l(ffltui.o)
    0x08000992   0x08000992   0x00000032   Code   RO         2655    .text               mf_w.l(ffixi.o)
    0x080009c4   0x080009c4   0x00000026   Code   RO         2657    .text               mf_w.l(f2d.o)
    0x080009ea   0x080009ea   0x00000038   Code   RO         2659    .text               mf_w.l(d2f.o)
    0x08000a22   0x08000a22   0x0000002c   Code   RO         2685    .text               mc_w.l(uidiv.o)
    0x08000a4e   0x08000a4e   0x00000062   Code   RO         2687    .text               mc_w.l(uldiv.o)
    0x08000ab0   0x08000ab0   0x0000001e   Code   RO         2689    .text               mc_w.l(llshl.o)
    0x08000ace   0x08000ace   0x00000024   Code   RO         2691    .text               mc_w.l(llsshr.o)
    0x08000af2   0x08000af2   0x0000001c   Code   RO         2700    .text               mc_w.l(_chval.o)
    0x08000b0e   0x08000b0e   0x00000002   PAD
    0x08000b10   0x08000b10   0x00000028   Code   RO         2702    .text               mc_w.l(scanf_char.o)
    0x08000b38   0x08000b38   0x00000040   Code   RO         2704    .text               mc_w.l(_sgetc.o)
    0x08000b78   0x08000b78   0x0000009e   Code   RO         2706    .text               mc_w.l(_strtoul.o)
    0x08000c16   0x08000c16   0x00000000   Code   RO         2708    .text               mc_w.l(iusefp.o)
    0x08000c16   0x08000c16   0x0000006e   Code   RO         2709    .text               mf_w.l(fepilogue.o)
    0x08000c84   0x08000c84   0x000000ba   Code   RO         2711    .text               mf_w.l(depilogue.o)
    0x08000d3e   0x08000d3e   0x000000de   Code   RO         2713    .text               mf_w.l(ddiv.o)
    0x08000e1c   0x08000e1c   0x00000030   Code   RO         2715    .text               mf_w.l(dfixul.o)
    0x08000e4c   0x08000e4c   0x00000030   Code   RO         2717    .text               mf_w.l(cdrcmple.o)
    0x08000e7c   0x08000e7c   0x00000024   Code   RO         2719    .text               mc_w.l(init.o)
    0x08000ea0   0x08000ea0   0x00000020   Code   RO         2721    .text               mc_w.l(llushr.o)
    0x08000ec0   0x08000ec0   0x0000032c   Code   RO         2725    .text               mc_w.l(_scanf.o)
    0x080011ec   0x080011ec   0x0000003a   Code   RO         2738    .text               mc_w.l(__dczerorl.o)
    0x08001226   0x08001226   0x00000002   PAD
    0x08001228   0x08001228   0x0000005c   Code   RO          487    .text.AT_APAC       bw236.o
    0x08001284   0x08001284   0x0000003c   Code   RO          477    .text.AT_DHCP       bw236.o
    0x080012c0   0x080012c0   0x0000005c   Code   RO          485    .text.AT_DNS        bw236.o
    0x0800131c   0x0800131c   0x0000003c   Code   RO          465    .text.AT_Dsca       bw236.o
    0x08001358   0x08001358   0x00000060   Code   RO          451    .text.AT_ExitTpmod  bw236.o
    0x080013b8   0x080013b8   0x0000005c   Code   RO          481    .text.AT_GW         bw236.o
    0x08001414   0x08001414   0x00000020   Code   RO          475    .text.AT_LIP        bw236.o
    0x08001434   0x08001434   0x0000005c   Code   RO          483    .text.AT_MASK       bw236.o
    0x08001490   0x08001490   0x00000064   Code   RO          469    .text.AT_Name       bw236.o
    0x080014f4   0x080014f4   0x0000005c   Code   RO          473    .text.AT_RAP        bw236.o
    0x08001550   0x08001550   0x00000030   Code   RO          459    .text.AT_Reboot     bw236.o
    0x08001580   0x08001580   0x00000074   Code   RO          455    .text.AT_ResponseCallback  bw236.o
    0x080015f4   0x080015f4   0x00000030   Code   RO          461    .text.AT_Restore    bw236.o
    0x08001624   0x08001624   0x0000007e   Code   RO          427    .text.AT_Ring_GetFrame  bw236.o
    0x080016a2   0x080016a2   0x00000002   PAD
    0x080016a4   0x080016a4   0x00000022   Code   RO          425    .text.AT_Ring_Put   bw236.o
    0x080016c6   0x080016c6   0x00000002   PAD
    0x080016c8   0x080016c8   0x0000005a   Code   RO          471    .text.AT_Role       bw236.o
    0x08001722   0x08001722   0x00000002   PAD
    0x08001724   0x08001724   0x0000005c   Code   RO          479    .text.AT_SIP        bw236.o
    0x08001780   0x08001780   0x00000034   Code   RO          457    .text.AT_Scan       bw236.o
    0x080017b4   0x080017b4   0x00000104   Code   RO          429    .text.AT_SendCommandEx  bw236.o
    0x080018b8   0x080018b8   0x0000008c   Code   RO          431    .text.AT_SendU8Buff  bw236.o
    0x08001944   0x08001944   0x00000068   Code   RO          447    .text.AT_SetTpmod   bw236.o
    0x080019ac   0x080019ac   0x00000020   Code   RO          463    .text.AT_Stat       bw236.o
    0x080019cc   0x080019cc   0x000000c8   Code   RO          443    .text.AT_TickHandler  bw236.o
    0x08001a94   0x08001a94   0x00000308   Code   RO          441    .text.AT_UART_IdleHandler  bw236.o
    0x08001d9c   0x08001d9c   0x0000002a   Code   RO          449    .text.AT_WTpmod     bw236.o
    0x08001dc6   0x08001dc6   0x00000002   PAD
    0x08001dc8   0x08001dc8   0x0000003e   Code   RO          501    .text.AT_cmd_Dw     bw236.o
    0x08001e06   0x08001e06   0x00000002   PAD
    0x08001e08   0x08001e08   0x00000060   Code   RO          410    .text.BSP_Timer_Handler  bsp_timer.o
    0x08001e68   0x08001e68   0x00000026   Code   RO          392    .text.BSP_Timer_Init  bsp_timer.o
    0x08001e8e   0x08001e8e   0x00000002   PAD
    0x08001e90   0x08001e90   0x0000000e   Code   RO          406    .text.BSP_Timer_Pause  bsp_timer.o
    0x08001e9e   0x08001e9e   0x00000002   PAD
    0x08001ea0   0x08001ea0   0x00000012   Code   RO          404    .text.BSP_Timer_Restart  bsp_timer.o
    0x08001eb2   0x08001eb2   0x00000002   PAD
    0x08001eb4   0x08001eb4   0x00000044   Code   RO          412    .text.BSP_Timer_SoftTimerTask  bsp_timer.o
    0x08001ef8   0x08001ef8   0x0000000a   Code   RO          398    .text.BSP_Timer_Start  bsp_timer.o
    0x08001f02   0x08001f02   0x00000002   PAD
    0x08001f04   0x08001f04   0x00000002   Code   RO            8    .text.BusFault_Handler  gd32f10x_it.o
    0x08001f06   0x08001f06   0x00000002   PAD
    0x08001f08   0x08001f08   0x00000018   Code   RO          295    .text.CAN_BuildRealtimeFrame  can.o
    0x08001f20   0x08001f20   0x000000be   Code   RO           30    .text.DMA0_Channel0_IRQHandler  gd32f10x_it.o
    0x08001fde   0x08001fde   0x00000002   PAD
    0x08001fe0   0x08001fe0   0x00000002   Code   RO           14    .text.DebugMon_Handler  gd32f10x_it.o
    0x08001fe2   0x08001fe2   0x00000002   PAD
    0x08001fe4   0x08001fe4   0x000000a8   Code   RO           87    .text.Exit_TransparentMode_Blocking  main.o
    0x0800208c   0x0800208c   0x0000000c   Code   RO           55    .text.HAL_GetTick   systick.o
    0x08002098   0x08002098   0x00000010   Code   RO           53    .text.HAL_IncTick   systick.o
    0x080020a8   0x080020a8   0x00000002   Code   RO            4    .text.HardFault_Handler  gd32f10x_it.o
    0x080020aa   0x080020aa   0x00000002   PAD
    0x080020ac   0x080020ac   0x000000ac   Code   RO          327    .text.I2C0_Byte_Write  i2c.o
    0x08002158   0x08002158   0x00000168   Code   RO          325    .text.I2C0_Register_Read  i2c.o
    0x080022c0   0x080022c0   0x00000148   Code   RO          317    .text.INA226_ReadRegister  i2c.o
    0x08002408   0x08002408   0x0000015c   Code   RO          323    .text.INA226_WriteRegister  i2c.o
    0x08002564   0x08002564   0x0000003a   Code   RO          239    .text.LCD_Address_Set  lcd.o
    0x0800259e   0x0800259e   0x00000002   PAD
    0x080025a0   0x080025a0   0x00000014   Code   RO          245    .text.LCD_DrawPoint  lcd.o
    0x080025b4   0x080025b4   0x0000004e   Code   RO          243    .text.LCD_Fill      lcd.o
    0x08002602   0x08002602   0x00000002   PAD
    0x08002604   0x08002604   0x00000268   Code   RO          241    .text.LCD_Init      lcd.o
    0x0800286c   0x0800286c   0x00000152   Code   RO          261    .text.LCD_ShowChar  lcd.o
    0x080029be   0x080029be   0x00000002   PAD
    0x080029c0   0x080029c0   0x000000a4   Code   RO          251    .text.LCD_ShowChinese  lcd.o
    0x08002a64   0x08002a64   0x00000122   Code   RO          253    .text.LCD_ShowChinese12x12  lcd.o
    0x08002b86   0x08002b86   0x00000002   PAD
    0x08002b88   0x08002b88   0x0000011e   Code   RO          255    .text.LCD_ShowChinese16x16  lcd.o
    0x08002ca6   0x08002ca6   0x00000002   PAD
    0x08002ca8   0x08002ca8   0x00000122   Code   RO          257    .text.LCD_ShowChinese24x24  lcd.o
    0x08002dca   0x08002dca   0x00000002   PAD
    0x08002dcc   0x08002dcc   0x0000011e   Code   RO          259    .text.LCD_ShowChinese32x32  lcd.o
    0x08002eea   0x08002eea   0x00000002   PAD
    0x08002eec   0x08002eec   0x00000046   Code   RO          263    .text.LCD_ShowString  lcd.o
    0x08002f32   0x08002f32   0x00000002   PAD
    0x08002f34   0x08002f34   0x00000012   Code   RO          235    .text.LCD_WR_DATA   lcd.o
    0x08002f46   0x08002f46   0x00000002   PAD
    0x08002f48   0x08002f48   0x00000028   Code   RO          233    .text.LCD_WR_DATA8  lcd.o
    0x08002f70   0x08002f70   0x00000028   Code   RO          237    .text.LCD_WR_REG    lcd.o
    0x08002f98   0x08002f98   0x00000002   Code   RO            6    .text.MemManage_Handler  gd32f10x_it.o
    0x08002f9a   0x08002f9a   0x00000002   PAD
    0x08002f9c   0x08002f9c   0x00000002   Code   RO            2    .text.NMI_Handler   gd32f10x_it.o
    0x08002f9e   0x08002f9e   0x00000002   PAD
    0x08002fa0   0x08002fa0   0x0000000e   Code   RO           47    .text.NVIC_SetPriority  systick.o
    0x08002fae   0x08002fae   0x00000002   PAD
    0x08002fb0   0x08002fb0   0x00000002   Code   RO           16    .text.PendSV_Handler  gd32f10x_it.o
    0x08002fb2   0x08002fb2   0x00000002   PAD
    0x08002fb4   0x08002fb4   0x00000068   Code   RO           85    .text.ProcessSaveHsCallback  main.o
    0x0800301c   0x0800301c   0x00000032   Code   RO          376    .text.RS485_CRC     misc.o
    0x0800304e   0x0800304e   0x00000002   PAD
    0x08003050   0x08003050   0x00000130   Code   RO          331    .text.ReadSernerData  i2c.o
    0x08003180   0x08003180   0x00000036   Code   RO          215    .text.SPI0_ReadWriteByte  spi_flash.o
    0x080031b6   0x080031b6   0x00000002   PAD
    0x080031b8   0x080031b8   0x00000052   Code   RO          223    .text.SPI2_ReadWriteByte  spi_flash.o
    0x0800320a   0x0800320a   0x00000002   PAD
    0x0800320c   0x0800320c   0x00000002   Code   RO           12    .text.SVC_Handler   gd32f10x_it.o
    0x0800320e   0x0800320e   0x00000002   PAD
    0x08003210   0x08003210   0x0000009c   Code   RO          329    .text.SernerConfig  i2c.o
    0x080032ac   0x080032ac   0x0000002a   Code   RO           45    .text.SysTick_Config  systick.o
    0x080032d6   0x080032d6   0x00000002   PAD
    0x080032d8   0x080032d8   0x00000012   Code   RO           18    .text.SysTick_Handler  gd32f10x_it.o
    0x080032ea   0x080032ea   0x00000002   PAD
    0x080032ec   0x080032ec   0x000000f8   Code   RO         1762    .text.SystemInit    system_gd32f10x.o
    0x080033e4   0x080033e4   0x00000020   Code   RO          394    .text.Timer_Add     bsp_timer.o
    0x08003404   0x08003404   0x00000070   Code   RO           20    .text.USART0_IRQHandler  gd32f10x_it.o
    0x08003474   0x08003474   0x000000e0   Code   RO           22    .text.USART1_IRQHandler  gd32f10x_it.o
    0x08003554   0x08003554   0x00000022   Code   RO           24    .text.USBD_LP_CAN0_RX0_IRQHandler  gd32f10x_it.o
    0x08003576   0x08003576   0x00000002   PAD
    0x08003578   0x08003578   0x00000002   Code   RO           10    .text.UsageFault_Handler  gd32f10x_it.o
    0x0800357a   0x0800357a   0x00000002   PAD
    0x0800357c   0x0800357c   0x00000022   Code   RO         1764    .text._soft_delay_  system_gd32f10x.o
    0x0800359e   0x0800359e   0x00000002   PAD
    0x080035a0   0x080035a0   0x000001a6   Code   RO         2262    .text.aai_write     sfud.o
    0x08003746   0x08003746   0x00000002   PAD
    0x08003748   0x08003748   0x00000020   Code   RO          527    .text.adc_calibration_enable  gd32f10x_adc.o
    0x08003768   0x08003768   0x0000003a   Code   RO          539    .text.adc_channel_length_config  gd32f10x_adc.o
    0x080037a2   0x080037a2   0x00000002   PAD
    0x080037a4   0x080037a4   0x000000aa   Code   RO          193    .text.adc_config    adc.o
    0x0800384e   0x0800384e   0x00000002   PAD
    0x08003850   0x08003850   0x00000012   Code   RO          521    .text.adc_data_alignment_config  gd32f10x_adc.o
    0x08003862   0x08003862   0x00000002   PAD
    0x08003864   0x08003864   0x00000046   Code   RO          515    .text.adc_deinit    gd32f10x_adc.o
    0x080038aa   0x080038aa   0x00000002   PAD
    0x080038ac   0x080038ac   0x0000007a   Code   RO          191    .text.adc_dma_config  adc.o
    0x08003926   0x08003926   0x00000002   PAD
    0x08003928   0x08003928   0x0000000a   Code   RO          533    .text.adc_dma_mode_enable  gd32f10x_adc.o
    0x08003932   0x08003932   0x00000002   PAD
    0x08003934   0x08003934   0x00000012   Code   RO          523    .text.adc_enable    gd32f10x_adc.o
    0x08003946   0x08003946   0x00000002   PAD
    0x08003948   0x08003948   0x00000040   Code   RO          549    .text.adc_external_trigger_config  gd32f10x_adc.o
    0x08003988   0x08003988   0x00000022   Code   RO          547    .text.adc_external_trigger_source_config  gd32f10x_adc.o
    0x080039aa   0x080039aa   0x00000002   PAD
    0x080039ac   0x080039ac   0x00000016   Code   RO          189    .text.adc_gpio_config  adc.o
    0x080039c2   0x080039c2   0x00000002   PAD
    0x080039c4   0x080039c4   0x00000018   Code   RO          517    .text.adc_mode_config  gd32f10x_adc.o
    0x080039dc   0x080039dc   0x00000074   Code   RO          541    .text.adc_regular_channel_config  gd32f10x_adc.o
    0x08003a50   0x08003a50   0x0000001c   Code   RO          551    .text.adc_software_trigger_enable  gd32f10x_adc.o
    0x08003a6c   0x08003a6c   0x0000005c   Code   RO          519    .text.adc_special_function_config  gd32f10x_adc.o
    0x08003ac8   0x08003ac8   0x00000034   Code   RO          595    .text.bkp_data_read  gd32f10x_bkp.o
    0x08003afc   0x08003afc   0x00000032   Code   RO          593    .text.bkp_data_write  gd32f10x_bkp.o
    0x08003b2e   0x08003b2e   0x00000002   PAD
    0x08003b30   0x08003b30   0x0000000c   Code   RO          591    .text.bkp_deinit    gd32f10x_bkp.o
    0x08003b3c   0x08003b3c   0x000000f4   Code   RO          123    .text.bt_send_hs_process  main.o
    0x08003c30   0x08003c30   0x00000074   Code   RO          167    .text.bt_sendbuff   usart.o
    0x08003ca4   0x08003ca4   0x00000040   Code   RO          439    .text.bytes_to_hexstr  bw236.o
    0x08003ce4   0x08003ce4   0x0000001e   Code   RO           28    .text.calculate_average  gd32f10x_it.o
    0x08003d02   0x08003d02   0x00000002   PAD
    0x08003d04   0x08003d04   0x00000084   Code   RO          293    .text.can0_send_message  can.o
    0x08003d88   0x08003d88   0x000000aa   Code   RO          291    .text.can_config    can.o
    0x08003e32   0x08003e32   0x00000002   PAD
    0x08003e34   0x08003e34   0x00000026   Code   RO          635    .text.can_deinit    gd32f10x_can.o
    0x08003e5a   0x08003e5a   0x00000002   PAD
    0x08003e5c   0x08003e5c   0x000000b2   Code   RO          641    .text.can_filter_init  gd32f10x_can.o
    0x08003f0e   0x08003f0e   0x00000002   PAD
    0x08003f10   0x08003f10   0x00000040   Code   RO          287    .text.can_gpio_config  can.o
    0x08003f50   0x08003f50   0x000000e6   Code   RO          639    .text.can_init      gd32f10x_can.o
    0x08004036   0x08004036   0x00000002   PAD
    0x08004038   0x08004038   0x000000a6   Code   RO          659    .text.can_message_receive  gd32f10x_can.o
    0x080040de   0x080040de   0x00000002   PAD
    0x080040e0   0x080040e0   0x000000a8   Code   RO          653    .text.can_message_transmit  gd32f10x_can.o
    0x08004188   0x08004188   0x0000000e   Code   RO          289    .text.can_nvic_config  can.o
    0x08004196   0x08004196   0x00000002   PAD
    0x08004198   0x08004198   0x00000058   Code   RO          637    .text.can_struct_para_init  gd32f10x_can.o
    0x080041f0   0x080041f0   0x00000060   Code   RO          655    .text.can_transmit_states  gd32f10x_can.o
    0x08004250   0x08004250   0x000000e4   Code   RO          358    .text.counter_to_datetime  rtc.o
    0x08004334   0x08004334   0x000000a2   Code   RO          352    .text.datetime_to_counter  rtc.o
    0x080043d6   0x080043d6   0x00000002   PAD
    0x080043d8   0x080043d8   0x00000014   Code   RO           49    .text.delay_1ms     systick.o
    0x080043ec   0x080043ec   0x00000018   Code   RO           51    .text.delay_decrement  systick.o
    0x08004404   0x08004404   0x00000074   Code   RO          113    .text.dispatch_command  main.o
    0x08004478   0x08004478   0x00000022   Code   RO          811    .text.dma_channel_disable  gd32f10x_dma.o
    0x0800449a   0x0800449a   0x00000002   PAD
    0x0800449c   0x0800449c   0x00000022   Code   RO          809    .text.dma_channel_enable  gd32f10x_dma.o
    0x080044be   0x080044be   0x00000002   PAD
    0x080044c0   0x080044c0   0x00000022   Code   RO          803    .text.dma_circulation_disable  gd32f10x_dma.o
    0x080044e2   0x080044e2   0x00000002   PAD
    0x080044e4   0x080044e4   0x00000022   Code   RO          801    .text.dma_circulation_enable  gd32f10x_dma.o
    0x08004506   0x08004506   0x00000002   PAD
    0x08004508   0x08004508   0x000000be   Code   RO          161    .text.dma_config    usart.o
    0x080045c6   0x080045c6   0x00000002   PAD
    0x080045c8   0x080045c8   0x0000003a   Code   RO          793    .text.dma_deinit    gd32f10x_dma.o
    0x08004602   0x08004602   0x00000002   PAD
    0x08004604   0x08004604   0x0000000e   Code   RO          839    .text.dma_flag_clear  gd32f10x_dma.o
    0x08004612   0x08004612   0x00000002   PAD
    0x08004614   0x08004614   0x00000010   Code   RO          837    .text.dma_flag_get  gd32f10x_dma.o
    0x08004624   0x08004624   0x0000006a   Code   RO          799    .text.dma_init      gd32f10x_dma.o
    0x0800468e   0x0800468e   0x00000002   PAD
    0x08004690   0x08004690   0x00000022   Code   RO          845    .text.dma_interrupt_enable  gd32f10x_dma.o
    0x080046b2   0x080046b2   0x00000002   PAD
    0x080046b4   0x080046b4   0x0000001a   Code   RO          795    .text.dma_periph_and_channel_check  gd32f10x_dma.o
    0x080046ce   0x080046ce   0x00000002   PAD
    0x080046d0   0x080046d0   0x0000001e   Code   RO          817    .text.dma_transfer_number_config  gd32f10x_dma.o
    0x080046ee   0x080046ee   0x00000002   PAD
    0x080046f0   0x080046f0   0x0000001a   Code   RO          819    .text.dma_transfer_number_get  gd32f10x_dma.o
    0x0800470a   0x0800470a   0x00000002   PAD
    0x0800470c   0x0800470c   0x00000092   Code   RO           73    .text.fill_pack_to_buff  main.o
    0x0800479e   0x0800479e   0x00000002   PAD
    0x080047a0   0x080047a0   0x000000fc   Code   RO          101    .text.fill_realdata_buff  main.o
    0x0800489c   0x0800489c   0x00000024   Code   RO          169    .text.fputc         usart.o
    0x080048c0   0x080048c0   0x00000008   Code   RO         1768    .text.gd32f10x_firmware_version_get  system_gd32f10x.o
    0x080048c8   0x080048c8   0x00000020   Code   RO          157    .text.get_UART_Recv_t  usart.o
    0x080048e8   0x080048e8   0x0000002e   Code   RO          197    .text.get_adc_convert_voltage_value  adc.o
    0x08004916   0x08004916   0x00000002   PAD
    0x08004918   0x08004918   0x000002f8   Code   RO          497    .text.get_command_id  bw236.o
    0x08004c10   0x08004c10   0x0000000c   Code   RO         1054    .text.gpio_bit_write  gd32f10x_gpio.o
    0x08004c1c   0x08004c1c   0x000000aa   Code   RO         1048    .text.gpio_init     gd32f10x_gpio.o
    0x08004cc6   0x08004cc6   0x00000002   PAD
    0x08004cc8   0x08004cc8   0x0000007a   Code   RO         1066    .text.gpio_pin_remap_config  gd32f10x_gpio.o
    0x08004d42   0x08004d42   0x00000002   PAD
    0x08004d44   0x08004d44   0x0000014c   Code   RO           67    .text.gud600_FixDisplay  main.o
    0x08004e90   0x08004e90   0x00000168   Code   RO           71    .text.gud600_GetSample  main.o
    0x08004ff8   0x08004ff8   0x000001b8   Code   RO           69    .text.gud600_VarDisplay  main.o
    0x080051b0   0x080051b0   0x00000114   Code   RO           93    .text.handle_calibrate_channel  main.o
    0x080052c4   0x080052c4   0x0000046c   Code   RO          499    .text.handle_command  bw236.o
    0x08005730   0x08005730   0x000000ac   Code   RO           89    .text.handle_exit_transparentmode  main.o
    0x080057dc   0x080057dc   0x00000098   Code   RO          105    .text.handle_getKAKB  main.o
    0x08005874   0x08005874   0x0000006c   Code   RO           91    .text.handle_get_device_info  main.o
    0x080058e0   0x080058e0   0x00000038   Code   RO          103    .text.handle_read_history_data  main.o
    0x08005918   0x08005918   0x00000070   Code   RO           99    .text.handle_read_realtime_data  main.o
    0x08005988   0x08005988   0x000000b0   Code   RO           95    .text.handle_reset_channel  main.o
    0x08005a38   0x08005a38   0x000000bc   Code   RO          107    .text.handle_setKAKB  main.o
    0x08005af4   0x08005af4   0x0000011c   Code   RO           83    .text.handle_set_device_info  main.o
    0x08005c10   0x08005c10   0x000000a0   Code   RO           97    .text.handle_sync_time  main.o
    0x08005cb0   0x08005cb0   0x00000270   Code   RO         2234    .text.hardware_init  sfud.o
    0x08005f20   0x08005f20   0x0000000c   Code   RO         1094    .text.i2c_ack_config  gd32f10x_i2c.o
    0x08005f2c   0x08005f2c   0x0000000c   Code   RO         1096    .text.i2c_ackpos_config  gd32f10x_i2c.o
    0x08005f38   0x08005f38   0x0000004a   Code   RO          315    .text.i2c_clear_errors  i2c.o
    0x08005f82   0x08005f82   0x00000002   PAD
    0x08005f84   0x08005f84   0x000000dc   Code   RO         1088    .text.i2c_clock_config  gd32f10x_i2c.o
    0x08006060   0x08006060   0x00000074   Code   RO          313    .text.i2c_config    i2c.o
    0x080060d4   0x080060d4   0x00000006   Code   RO         1114    .text.i2c_data_receive  gd32f10x_i2c.o
    0x080060da   0x080060da   0x00000002   PAD
    0x080060dc   0x080060dc   0x00000004   Code   RO         1112    .text.i2c_data_transmit  gd32f10x_i2c.o
    0x080060e0   0x080060e0   0x0000000a   Code   RO         1104    .text.i2c_enable    gd32f10x_i2c.o
    0x080060ea   0x080060ea   0x00000002   PAD
    0x080060ec   0x080060ec   0x00000026   Code   RO         1138    .text.i2c_flag_clear  gd32f10x_i2c.o
    0x08006112   0x08006112   0x00000002   PAD
    0x08006114   0x08006114   0x00000010   Code   RO         1136    .text.i2c_flag_get  gd32f10x_i2c.o
    0x08006124   0x08006124   0x00000048   Code   RO          311    .text.i2c_gpio_config  i2c.o
    0x0800616c   0x0800616c   0x0000000e   Code   RO         1098    .text.i2c_master_addressing  gd32f10x_i2c.o
    0x0800617a   0x0800617a   0x00000002   PAD
    0x0800617c   0x0800617c   0x0000001a   Code   RO         1090    .text.i2c_mode_addr_config  gd32f10x_i2c.o
    0x08006196   0x08006196   0x00000002   PAD
    0x08006198   0x08006198   0x0000000a   Code   RO         1108    .text.i2c_start_on_bus  gd32f10x_i2c.o
    0x080061a2   0x080061a2   0x00000002   PAD
    0x080061a4   0x080061a4   0x0000000a   Code   RO         1110    .text.i2c_stop_on_bus  gd32f10x_i2c.o
    0x080061ae   0x080061ae   0x00000002   PAD
    0x080061b0   0x080061b0   0x00000032   Code   RO          321    .text.i2c_wait_flag  i2c.o
    0x080061e2   0x080061e2   0x00000002   PAD
    0x080061e4   0x080061e4   0x00000032   Code   RO          319    .text.i2c_wait_flag_clear  i2c.o
    0x08006216   0x08006216   0x00000002   PAD
    0x08006218   0x08006218   0x0000009a   Code   RO          111    .text.init_commands  main.o
    0x080062b2   0x080062b2   0x00000002   PAD
    0x080062b4   0x080062b4   0x0000004e   Code   RO          356    .text.is_leap_year  rtc.o
    0x08006302   0x08006302   0x00000002   PAD
    0x08006304   0x08006304   0x00000026   Code   RO          467    .text.is_valid_integer  bw236.o
    0x0800632a   0x0800632a   0x00000002   PAD
    0x0800632c   0x0800632c   0x00000008   Code   RO         1984    .text.lfs_aligndown  lfs.o
    0x08006334   0x08006334   0x0000000c   Code   RO         1976    .text.lfs_alignup   lfs.o
    0x08006340   0x08006340   0x000000dc   Code   RO         1972    .text.lfs_alloc     lfs.o
    0x0800641c   0x0800641c   0x00000006   Code   RO         1956    .text.lfs_alloc_ckpoint  lfs.o
    0x08006422   0x08006422   0x00000002   PAD
    0x08006424   0x08006424   0x0000000e   Code   RO         1982    .text.lfs_alloc_drop  lfs.o
    0x08006432   0x08006432   0x00000002   PAD
    0x08006434   0x08006434   0x00000032   Code   RO         1980    .text.lfs_alloc_lookahead  lfs.o
    0x08006466   0x08006466   0x00000002   PAD
    0x08006468   0x08006468   0x00000054   Code   RO         1978    .text.lfs_alloc_scan  lfs.o
    0x080064bc   0x080064bc   0x0000008c   Code   RO         2050    .text.lfs_bd_cmp    lfs.o
    0x08006548   0x08006548   0x0000006a   Code   RO         2092    .text.lfs_bd_crc    lfs.o
    0x080065b2   0x080065b2   0x00000002   PAD
    0x080065b4   0x080065b4   0x0000000a   Code   RO         2022    .text.lfs_bd_erase  lfs.o
    0x080065be   0x080065be   0x00000002   PAD
    0x080065c0   0x080065c0   0x0000008a   Code   RO         2048    .text.lfs_bd_flush  lfs.o
    0x0800664a   0x0800664a   0x00000002   PAD
    0x0800664c   0x0800664c   0x000000b8   Code   RO         2026    .text.lfs_bd_prog   lfs.o
    0x08006704   0x08006704   0x00000190   Code   RO         1974    .text.lfs_bd_read   lfs.o
    0x08006894   0x08006894   0x00000028   Code   RO         2096    .text.lfs_bd_sync   lfs.o
    0x080068bc   0x080068bc   0x00000008   Code   RO         2028    .text.lfs_cache_drop  lfs.o
    0x080068c4   0x080068c4   0x00000018   Code   RO         1970    .text.lfs_cache_zero  lfs.o
    0x080068dc   0x080068dc   0x0000003e   Code   RO         1790    .text.lfs_crc       lfs_util.o
    0x0800691a   0x0800691a   0x00000002   PAD
    0x0800691c   0x0800691c   0x0000000a   Code   RO         2062    .text.lfs_ctz       lfs.o
    0x08006926   0x08006926   0x00000002   PAD
    0x08006928   0x08006928   0x00000246   Code   RO         2066    .text.lfs_ctz_extend  lfs.o
    0x08006b6e   0x08006b6e   0x00000002   PAD
    0x08006b70   0x08006b70   0x0000009c   Code   RO         2056    .text.lfs_ctz_find  lfs.o
    0x08006c0c   0x08006c0c   0x00000002   Code   RO         2154    .text.lfs_ctz_fromle32  lfs.o
    0x08006c0e   0x08006c0e   0x00000002   PAD
    0x08006c10   0x08006c10   0x00000042   Code   RO         2058    .text.lfs_ctz_index  lfs.o
    0x08006c52   0x08006c52   0x00000002   PAD
    0x08006c54   0x08006c54   0x00000018   Code   RO         2162    .text.lfs_ctz_tole32  lfs.o
    0x08006c6c   0x08006c6c   0x000000b2   Code   RO         2166    .text.lfs_ctz_traverse  lfs.o
    0x08006d1e   0x08006d1e   0x00000002   PAD
    0x08006d20   0x08006d20   0x0000002e   Code   RO         1966    .text.lfs_deinit    lfs.o
    0x08006d4e   0x08006d4e   0x00000002   PAD
    0x08006d50   0x08006d50   0x0000008c   Code   RO         1958    .text.lfs_dir_alloc  lfs.o
    0x08006ddc   0x08006ddc   0x00000024   Code   RO         1962    .text.lfs_dir_commit  lfs.o
    0x08006e00   0x08006e00   0x00000018   Code   RO         2072    .text.lfs_dir_commit_commit  lfs.o
    0x08006e18   0x08006e18   0x00000014   Code   RO         2098    .text.lfs_dir_commit_size  lfs.o
    0x08006e2c   0x08006e2c   0x000000fa   Code   RO         2080    .text.lfs_dir_commitattr  lfs.o
    0x08006f26   0x08006f26   0x00000002   PAD
    0x08006f28   0x08006f28   0x0000021a   Code   RO         2082    .text.lfs_dir_commitcrc  lfs.o
    0x08007142   0x08007142   0x00000002   PAD
    0x08007144   0x08007144   0x0000003e   Code   RO         2090    .text.lfs_dir_commitprog  lfs.o
    0x08007182   0x08007182   0x00000002   PAD
    0x08007184   0x08007184   0x000002ec   Code   RO         2104    .text.lfs_dir_compact  lfs.o
    0x08007470   0x08007470   0x00000050   Code   RO         2142    .text.lfs_dir_drop  lfs.o
    0x080074c0   0x080074c0   0x00000024   Code   RO         1964    .text.lfs_dir_fetch  lfs.o
    0x080074e4   0x080074e4   0x00000610   Code   RO         2116    .text.lfs_dir_fetchmatch  lfs.o
    0x08007af4   0x08007af4   0x000001a8   Code   RO         2140    .text.lfs_dir_find  lfs.o
    0x08007c9c   0x08007c9c   0x00000058   Code   RO         2132    .text.lfs_dir_find_match  lfs.o
    0x08007cf4   0x08007cf4   0x00000034   Code   RO         2110    .text.lfs_dir_get   lfs.o
    0x08007d28   0x08007d28   0x00000046   Code   RO         2000    .text.lfs_dir_getgstate  lfs.o
    0x08007d6e   0x08007d6e   0x00000002   PAD
    0x08007d70   0x08007d70   0x000000f0   Code   RO         2024    .text.lfs_dir_getread  lfs.o
    0x08007e60   0x08007e60   0x0000018c   Code   RO         2030    .text.lfs_dir_getslice  lfs.o
    0x08007fec   0x08007fec   0x00000026   Code   RO         2102    .text.lfs_dir_needsrelocation  lfs.o
    0x08008012   0x08008012   0x00000002   PAD
    0x08008014   0x08008014   0x000004c8   Code   RO         1988    .text.lfs_dir_orphaningcommit  lfs.o
    0x080084dc   0x080084dc   0x000003d4   Code   RO         1998    .text.lfs_dir_relocatingcommit  lfs.o
    0x080088b0   0x080088b0   0x00000078   Code   RO         2100    .text.lfs_dir_split  lfs.o
    0x08008928   0x08008928   0x000002b0   Code   RO         2084    .text.lfs_dir_splittingcompact  lfs.o
    0x08008bd8   0x08008bd8   0x0000033a   Code   RO         2070    .text.lfs_dir_traverse  lfs.o
    0x08008f12   0x08008f12   0x00000002   PAD
    0x08008f14   0x08008f14   0x00000080   Code   RO         2086    .text.lfs_dir_traverse_filter  lfs.o
    0x08008f94   0x08008f94   0x00000002   Code   RO         2126    .text.lfs_fcrc_fromle32  lfs.o
    0x08008f96   0x08008f96   0x00000002   PAD
    0x08008f98   0x08008f98   0x00000018   Code   RO         2094    .text.lfs_fcrc_tole32  lfs.o
    0x08008fb0   0x08008fb0   0x0000009c   Code   RO         1864    .text.lfs_file_close  lfs.o
    0x0800904c   0x0800904c   0x00000028   Code   RO         1866    .text.lfs_file_close_  lfs.o
    0x08009074   0x08009074   0x0000018a   Code   RO         1996    .text.lfs_file_flush  lfs.o
    0x080091fe   0x080091fe   0x00000002   PAD
    0x08009200   0x08009200   0x00000122   Code   RO         2052    .text.lfs_file_flushedread  lfs.o
    0x08009322   0x08009322   0x00000002   PAD
    0x08009324   0x08009324   0x00000176   Code   RO         2054    .text.lfs_file_flushedwrite  lfs.o
    0x0800949a   0x0800949a   0x00000002   PAD
    0x0800949c   0x0800949c   0x000000b0   Code   RO         1856    .text.lfs_file_open  lfs.o
    0x0800954c   0x0800954c   0x00000018   Code   RO         1858    .text.lfs_file_open_  lfs.o
    0x08009564   0x08009564   0x000002b2   Code   RO         1862    .text.lfs_file_opencfg_  lfs.o
    0x08009816   0x08009816   0x00000002   PAD
    0x08009818   0x08009818   0x00000028   Code   RO         1994    .text.lfs_file_outline  lfs.o
    0x08009840   0x08009840   0x000000b0   Code   RO         1872    .text.lfs_file_read  lfs.o
    0x080098f0   0x080098f0   0x00000032   Code   RO         1874    .text.lfs_file_read_  lfs.o
    0x08009922   0x08009922   0x00000002   PAD
    0x08009924   0x08009924   0x00000194   Code   RO         2020    .text.lfs_file_relocate  lfs.o
    0x08009ab8   0x08009ab8   0x0000009c   Code   RO         1892    .text.lfs_file_rewind  lfs.o
    0x08009b54   0x08009b54   0x00000010   Code   RO         1894    .text.lfs_file_rewind_  lfs.o
    0x08009b64   0x08009b64   0x000000b0   Code   RO         1880    .text.lfs_file_seek  lfs.o
    0x08009c14   0x08009c14   0x0000009e   Code   RO         1882    .text.lfs_file_seek_  lfs.o
    0x08009cb2   0x08009cb2   0x00000002   PAD
    0x08009cb4   0x08009cb4   0x00000094   Code   RO         1896    .text.lfs_file_size  lfs.o
    0x08009d48   0x08009d48   0x00000018   Code   RO         1898    .text.lfs_file_size_  lfs.o
    0x08009d60   0x08009d60   0x00000098   Code   RO         1868    .text.lfs_file_sync  lfs.o
    0x08009df8   0x08009df8   0x000000d0   Code   RO         1870    .text.lfs_file_sync_  lfs.o
    0x08009ec8   0x08009ec8   0x000000b4   Code   RO         1876    .text.lfs_file_write  lfs.o
    0x08009f7c   0x08009f7c   0x000000ae   Code   RO         1878    .text.lfs_file_write_  lfs.o
    0x0800a02a   0x0800a02a   0x00000002   PAD
    0x0800a02c   0x0800a02c   0x000000d4   Code   RO         1820    .text.lfs_format    lfs.o
    0x0800a100   0x0800a100   0x000000de   Code   RO         1822    .text.lfs_format_   lfs.o
    0x0800a1de   0x0800a1de   0x00000002   PAD
    0x0800a1e0   0x0800a1e0   0x00000008   Code   RO         2130    .text.lfs_free      lfs.o
    0x0800a1e8   0x0800a1e8   0x00000004   Code   RO         2034    .text.lfs_frombe32  lfs.o
    0x0800a1ec   0x0800a1ec   0x000000bc   Code   RO         2146    .text.lfs_fs_demove  lfs.o
    0x0800a2a8   0x0800a2a8   0x00000350   Code   RO         1990    .text.lfs_fs_deorphan  lfs.o
    0x0800a5f8   0x0800a5f8   0x000000cc   Code   RO         2144    .text.lfs_fs_desuperblock  lfs.o
    0x0800a6c4   0x0800a6c4   0x00000022   Code   RO         2138    .text.lfs_fs_forceconsistency  lfs.o
    0x0800a6e6   0x0800a6e6   0x00000002   PAD
    0x0800a6e8   0x0800a6e8   0x000000ea   Code   RO         2006    .text.lfs_fs_parent  lfs.o
    0x0800a7d2   0x0800a7d2   0x00000002   PAD
    0x0800a7d4   0x0800a7d4   0x00000048   Code   RO         2118    .text.lfs_fs_parent_match  lfs.o
    0x0800a81c   0x0800a81c   0x0000009c   Code   RO         2016    .text.lfs_fs_pred   lfs.o
    0x0800a8b8   0x0800a8b8   0x00000036   Code   RO         2014    .text.lfs_fs_prepmove  lfs.o
    0x0800a8ee   0x0800a8ee   0x00000002   PAD
    0x0800a8f0   0x0800a8f0   0x0000001e   Code   RO         2008    .text.lfs_fs_preporphans  lfs.o
    0x0800a90e   0x0800a90e   0x00000002   PAD
    0x0800a910   0x0800a910   0x0000000e   Code   RO         2136    .text.lfs_fs_prepsuperblock  lfs.o
    0x0800a91e   0x0800a91e   0x00000002   PAD
    0x0800a920   0x0800a920   0x00000024   Code   RO         1934    .text.lfs_fs_size_  lfs.o
    0x0800a944   0x0800a944   0x0000000c   Code   RO         2164    .text.lfs_fs_size_count  lfs.o
    0x0800a950   0x0800a950   0x000002bc   Code   RO         1938    .text.lfs_fs_traverse_  lfs.o
    0x0800ac0c   0x0800ac0c   0x00000002   Code   RO         2112    .text.lfs_gstate_fromle32  lfs.o
    0x0800ac0e   0x0800ac0e   0x00000002   PAD
    0x0800ac10   0x0800ac10   0x0000000c   Code   RO         2128    .text.lfs_gstate_getorphans  lfs.o
    0x0800ac1c   0x0800ac1c   0x00000010   Code   RO         2150    .text.lfs_gstate_hasmove  lfs.o
    0x0800ac2c   0x0800ac2c   0x00000022   Code   RO         2010    .text.lfs_gstate_hasmovehere  lfs.o
    0x0800ac4e   0x0800ac4e   0x00000002   PAD
    0x0800ac50   0x0800ac50   0x00000010   Code   RO         2018    .text.lfs_gstate_hasorphans  lfs.o
    0x0800ac60   0x0800ac60   0x00000030   Code   RO         2076    .text.lfs_gstate_iszero  lfs.o
    0x0800ac90   0x0800ac90   0x00000018   Code   RO         2148    .text.lfs_gstate_needssuperblock  lfs.o
    0x0800aca8   0x0800aca8   0x00000022   Code   RO         2078    .text.lfs_gstate_tole32  lfs.o
    0x0800acca   0x0800acca   0x00000002   PAD
    0x0800accc   0x0800accc   0x0000001c   Code   RO         2074    .text.lfs_gstate_xor  lfs.o
    0x0800ace8   0x0800ace8   0x000000c6   Code   RO         1952    .text.lfs_init      lfs.o
    0x0800adae   0x0800adae   0x00000002   PAD
    0x0800adb0   0x0800adb0   0x00000008   Code   RO         1968    .text.lfs_malloc    lfs.o
    0x0800adb8   0x0800adb8   0x00000008   Code   RO         2046    .text.lfs_max       lfs.o
    0x0800adc0   0x0800adc0   0x00000008   Code   RO         1954    .text.lfs_min       lfs.o
    0x0800adc8   0x0800adc8   0x00000008   Code   RO         2158    .text.lfs_mlist_append  lfs.o
    0x0800add0   0x0800add0   0x0000001a   Code   RO         2160    .text.lfs_mlist_remove  lfs.o
    0x0800adea   0x0800adea   0x00000002   PAD
    0x0800adec   0x0800adec   0x000000d0   Code   RO         1824    .text.lfs_mount     lfs.o
    0x0800aebc   0x0800aebc   0x000003bc   Code   RO         1826    .text.lfs_mount_    lfs.o
    0x0800b278   0x0800b278   0x0000000c   Code   RO         2060    .text.lfs_npw2      lfs.o
    0x0800b284   0x0800b284   0x00000028   Code   RO         1992    .text.lfs_pair_cmp  lfs.o
    0x0800b2ac   0x0800b2ac   0x00000002   Code   RO         2004    .text.lfs_pair_fromle32  lfs.o
    0x0800b2ae   0x0800b2ae   0x00000002   PAD
    0x0800b2b0   0x0800b2b0   0x00000016   Code   RO         2106    .text.lfs_pair_isnull  lfs.o
    0x0800b2c6   0x0800b2c6   0x00000002   PAD
    0x0800b2c8   0x0800b2c8   0x00000032   Code   RO         2114    .text.lfs_pair_issync  lfs.o
    0x0800b2fa   0x0800b2fa   0x00000002   PAD
    0x0800b2fc   0x0800b2fc   0x0000000a   Code   RO         2108    .text.lfs_pair_swap  lfs.o
    0x0800b306   0x0800b306   0x00000002   PAD
    0x0800b308   0x0800b308   0x00000018   Code   RO         2002    .text.lfs_pair_tole32  lfs.o
    0x0800b320   0x0800b320   0x0000002a   Code   RO         2064    .text.lfs_popc      lfs.o
    0x0800b34a   0x0800b34a   0x00000002   PAD
    0x0800b34c   0x0800b34c   0x00000098   Code   RO         1832    .text.lfs_remove    lfs.o
    0x0800b3e4   0x0800b3e4   0x0000012c   Code   RO         1834    .text.lfs_remove_   lfs.o
    0x0800b510   0x0800b510   0x00000004   Code   RO         2120    .text.lfs_scmp      lfs.o
    0x0800b514   0x0800b514   0x0000001c   Code   RO         1807    .text.lfs_spi_flash_erase  lfs_port.o
    0x0800b530   0x0800b530   0x00000048   Code   RO         1801    .text.lfs_spi_flash_init  lfs_port.o
    0x0800b578   0x0800b578   0x0000002a   Code   RO         1805    .text.lfs_spi_flash_prog  lfs_port.o
    0x0800b5a2   0x0800b5a2   0x00000002   PAD
    0x0800b5a4   0x0800b5a4   0x0000002a   Code   RO         1803    .text.lfs_spi_flash_read  lfs_port.o
    0x0800b5ce   0x0800b5ce   0x00000002   PAD
    0x0800b5d0   0x0800b5d0   0x00000004   Code   RO         1809    .text.lfs_spi_flash_sync  lfs_port.o
    0x0800b5d4   0x0800b5d4   0x00000002   Code   RO         2134    .text.lfs_superblock_fromle32  lfs.o
    0x0800b5d6   0x0800b5d6   0x00000002   PAD
    0x0800b5d8   0x0800b5d8   0x00000040   Code   RO         1960    .text.lfs_superblock_tole32  lfs.o
    0x0800b618   0x0800b618   0x00000006   Code   RO         2044    .text.lfs_tag_chunk  lfs.o
    0x0800b61e   0x0800b61e   0x00000002   PAD
    0x0800b620   0x0800b620   0x00000012   Code   RO         2032    .text.lfs_tag_dsize  lfs.o
    0x0800b632   0x0800b632   0x00000002   PAD
    0x0800b634   0x0800b634   0x00000006   Code   RO         2012    .text.lfs_tag_id    lfs.o
    0x0800b63a   0x0800b63a   0x00000002   PAD
    0x0800b63c   0x0800b63c   0x00000010   Code   RO         2040    .text.lfs_tag_isdelete  lfs.o
    0x0800b64c   0x0800b64c   0x00000006   Code   RO         2122    .text.lfs_tag_isvalid  lfs.o
    0x0800b652   0x0800b652   0x00000002   PAD
    0x0800b654   0x0800b654   0x00000006   Code   RO         2042    .text.lfs_tag_size  lfs.o
    0x0800b65a   0x0800b65a   0x00000002   PAD
    0x0800b65c   0x0800b65c   0x0000000a   Code   RO         2038    .text.lfs_tag_splice  lfs.o
    0x0800b666   0x0800b666   0x00000002   PAD
    0x0800b668   0x0800b668   0x0000000a   Code   RO         2036    .text.lfs_tag_type1  lfs.o
    0x0800b672   0x0800b672   0x00000002   PAD
    0x0800b674   0x0800b674   0x0000000a   Code   RO         2124    .text.lfs_tag_type2  lfs.o
    0x0800b67e   0x0800b67e   0x00000002   PAD
    0x0800b680   0x0800b680   0x00000006   Code   RO         2068    .text.lfs_tag_type3  lfs.o
    0x0800b686   0x0800b686   0x00000002   PAD
    0x0800b688   0x0800b688   0x00000008   Code   RO         2088    .text.lfs_tobe32    lfs.o
    0x0800b690   0x0800b690   0x00000002   Code   RO         1986    .text.lfs_tole32    lfs.o
    0x0800b692   0x0800b692   0x00000002   PAD
    0x0800b694   0x0800b694   0x00000008   Code   RO         1830    .text.lfs_unmount_  lfs.o
    0x0800b69c   0x0800b69c   0x00000250   Code   RO          129    .text.main          main.o
    0x0800b8ec   0x0800b8ec   0x000000a0   Code   RO         2250    .text.make_address_byte_array  sfud.o
    0x0800b98c   0x0800b98c   0x00000016   Code   RO          344    .text.nvic_configuration  rtc.o
    0x0800b9a2   0x0800b9a2   0x00000002   PAD
    0x0800b9a4   0x0800b9a4   0x00000062   Code   RO         1158    .text.nvic_irq_enable  gd32f10x_misc.o
    0x0800ba06   0x0800ba06   0x00000002   PAD
    0x0800ba08   0x0800ba08   0x00000014   Code   RO         1156    .text.nvic_priority_group_set  gd32f10x_misc.o
    0x0800ba1c   0x0800ba1c   0x0000001c   Code   RO         1162    .text.nvic_vector_table_set  gd32f10x_misc.o
    0x0800ba38   0x0800ba38   0x000001a4   Code   RO         2260    .text.page256_or_1_byte_write  sfud.o
    0x0800bbdc   0x0800bbdc   0x00000050   Code   RO          495    .text.parse_input   bw236.o
    0x0800bc2c   0x0800bc2c   0x00000012   Code   RO         1194    .text.pmu_backup_write_enable  gd32f10x_pmu.o
    0x0800bc3e   0x0800bc3e   0x00000002   PAD
    0x0800bc40   0x0800bc40   0x0000002c   Code   RO          360    .text.printf_time   rtc.o
    0x0800bc6c   0x0800bc6c   0x00000160   Code   RO          115    .text.process_data  main.o
    0x0800bdcc   0x0800bdcc   0x00000076   Code   RO         2181    .text.prvHeapInit   malloc.o
    0x0800be42   0x0800be42   0x00000002   PAD
    0x0800be44   0x0800be44   0x0000005a   Code   RO         2183    .text.prvInsertBlockIntoFreeList  malloc.o
    0x0800be9e   0x0800be9e   0x00000002   PAD
    0x0800bea0   0x0800bea0   0x000000fe   Code   RO         2179    .text.pvPortMalloc  malloc.o
    0x0800bf9e   0x0800bf9e   0x00000002   PAD
    0x0800bfa0   0x0800bfa0   0x00000040   Code   RO         1250    .text.rcu_adc_clock_config  gd32f10x_rcu.o
    0x0800bfe0   0x0800bfe0   0x00000012   Code   RO         1232    .text.rcu_bkp_reset_disable  gd32f10x_rcu.o
    0x0800bff2   0x0800bff2   0x00000002   PAD
    0x0800bff4   0x0800bff4   0x00000012   Code   RO         1230    .text.rcu_bkp_reset_enable  gd32f10x_rcu.o
    0x0800c006   0x0800c006   0x00000002   PAD
    0x0800c008   0x0800c008   0x000000b4   Code   RO         1284    .text.rcu_clock_freq_get  gd32f10x_rcu.o
    0x0800c0bc   0x0800c0bc   0x00000022   Code   RO          195    .text.rcu_config    adc.o
    0x0800c0de   0x0800c0de   0x00000002   PAD
    0x0800c0e0   0x0800c0e0   0x0000001a   Code   RO         1256    .text.rcu_flag_get  gd32f10x_rcu.o
    0x0800c0fa   0x0800c0fa   0x00000002   PAD
    0x0800c0fc   0x0800c0fc   0x0000001e   Code   RO         1268    .text.rcu_osci_on   gd32f10x_rcu.o
    0x0800c11a   0x0800c11a   0x00000002   PAD
    0x0800c11c   0x0800c11c   0x000000d8   Code   RO         1216    .text.rcu_osci_stab_wait  gd32f10x_rcu.o
    0x0800c1f4   0x0800c1f4   0x0000001e   Code   RO         1218    .text.rcu_periph_clock_enable  gd32f10x_rcu.o
    0x0800c212   0x0800c212   0x00000002   PAD
    0x0800c214   0x0800c214   0x00000020   Code   RO         1228    .text.rcu_periph_reset_disable  gd32f10x_rcu.o
    0x0800c234   0x0800c234   0x0000001e   Code   RO         1226    .text.rcu_periph_reset_enable  gd32f10x_rcu.o
    0x0800c252   0x0800c252   0x00000002   PAD
    0x0800c254   0x0800c254   0x00000014   Code   RO         1254    .text.rcu_rtc_clock_config  gd32f10x_rcu.o
    0x0800c268   0x0800c268   0x00000130   Code   RO         2293    .text.read_basic_header  sfud_sfdp.o
    0x0800c398   0x0800c398   0x0000040c   Code   RO         2295    .text.read_basic_table  sfud_sfdp.o
    0x0800c7a4   0x0800c7a4   0x0000008c   Code   RO           81    .text.read_channel_info  main.o
    0x0800c830   0x0800c830   0x000000f4   Code   RO           79    .text.read_dev_info  main.o
    0x0800c924   0x0800c924   0x00000140   Code   RO          121    .text.read_history_data  main.o
    0x0800ca64   0x0800ca64   0x000000ec   Code   RO          119    .text.read_history_lenth  main.o
    0x0800cb50   0x0800cb50   0x000000cc   Code   RO         2270    .text.read_jedec_id  sfud.o
    0x0800cc1c   0x0800cc1c   0x00000120   Code   RO         2299    .text.read_sfdp_data  sfud_sfdp.o
    0x0800cd3c   0x0800cd3c   0x00000140   Code   RO         2291    .text.read_sfdp_header  sfud_sfdp.o
    0x0800ce7c   0x0800ce7c   0x00000046   Code   RO          109    .text.register_command  main.o
    0x0800cec2   0x0800cec2   0x00000002   PAD
    0x0800cec4   0x0800cec4   0x000000e0   Code   RO         2272    .text.reset         sfud.o
    0x0800cfa4   0x0800cfa4   0x00000002   Code   RO         2217    .text.retry_delay_100us  sfud_port.o
    0x0800cfa6   0x0800cfa6   0x00000002   PAD
    0x0800cfa8   0x0800cfa8   0x000000ce   Code   RO          125    .text.rs485_send_hs_process  main.o
    0x0800d076   0x0800d076   0x00000002   PAD
    0x0800d078   0x0800d078   0x00000054   Code   RO          165    .text.rs485_sendbuff  usart.o
    0x0800d0cc   0x0800d0cc   0x00000054   Code   RO          346    .text.rtc_configuration  rtc.o
    0x0800d120   0x0800d120   0x00000012   Code   RO         1294    .text.rtc_configuration_mode_enter  gd32f10x_rtc.o
    0x0800d132   0x0800d132   0x00000002   PAD
    0x0800d134   0x0800d134   0x00000012   Code   RO         1296    .text.rtc_configuration_mode_exit  gd32f10x_rtc.o
    0x0800d146   0x0800d146   0x00000002   PAD
    0x0800d148   0x0800d148   0x00000012   Code   RO         1308    .text.rtc_counter_get  gd32f10x_rtc.o
    0x0800d15a   0x0800d15a   0x00000002   PAD
    0x0800d15c   0x0800d15c   0x0000001e   Code   RO         1298    .text.rtc_counter_set  gd32f10x_rtc.o
    0x0800d17a   0x0800d17a   0x00000002   PAD
    0x0800d17c   0x0800d17c   0x00000128   Code   RO          348    .text.rtc_init      rtc.o
    0x0800d2a4   0x0800d2a4   0x00000010   Code   RO         1302    .text.rtc_lwoff_wait  gd32f10x_rtc.o
    0x0800d2b4   0x0800d2b4   0x00000020   Code   RO         1300    .text.rtc_prescaler_set  gd32f10x_rtc.o
    0x0800d2d4   0x0800d2d4   0x00000018   Code   RO         1304    .text.rtc_register_sync_wait  gd32f10x_rtc.o
    0x0800d2ec   0x0800d2ec   0x00000100   Code   RO          433    .text.sendBTdata    bw236.o
    0x0800d3ec   0x0800d3ec   0x000000f8   Code   RO         2274    .text.set_4_byte_address_mode  sfud.o
    0x0800d4e4   0x0800d4e4   0x0000002a   Code   RO          127    .text.set_BTname    main.o
    0x0800d50e   0x0800d50e   0x00000002   PAD
    0x0800d510   0x0800d510   0x0000003a   Code   RO          354    .text.set_time      rtc.o
    0x0800d54a   0x0800d54a   0x00000002   PAD
    0x0800d54c   0x0800d54c   0x000000ec   Code   RO         2254    .text.set_write_enabled  sfud.o
    0x0800d638   0x0800d638   0x00000118   Code   RO         2252    .text.sfud_chip_erase  sfud.o
    0x0800d750   0x0800d750   0x0000003e   Code   RO         2232    .text.sfud_device_init  sfud.o
    0x0800d78e   0x0800d78e   0x00000002   PAD
    0x0800d790   0x0800d790   0x000001c0   Code   RO         2256    .text.sfud_erase    sfud.o
    0x0800d950   0x0800d950   0x00000012   Code   RO         2240    .text.sfud_get_device  sfud.o
    0x0800d962   0x0800d962   0x00000002   PAD
    0x0800d964   0x0800d964   0x0000007c   Code   RO         2238    .text.sfud_init     sfud.o
    0x0800d9e0   0x0800d9e0   0x00000050   Code   RO         2219    .text.sfud_log_debug  sfud_port.o
    0x0800da30   0x0800da30   0x00000044   Code   RO         2221    .text.sfud_log_info  sfud_port.o
    0x0800da74   0x0800da74   0x00000110   Code   RO         2246    .text.sfud_read     sfud.o
    0x0800db84   0x0800db84   0x00000070   Code   RO         2289    .text.sfud_read_sfdp  sfud_sfdp.o
    0x0800dbf4   0x0800dbf4   0x0000008c   Code   RO         2266    .text.sfud_read_status  sfud.o
    0x0800dc80   0x0800dc80   0x000000ac   Code   RO         2297    .text.sfud_sfdp_get_suitable_eraser  sfud_sfdp.o
    0x0800dd2c   0x0800dd2c   0x00000040   Code   RO         2209    .text.sfud_spi_port_init  sfud_port.o
    0x0800dd6c   0x0800dd6c   0x00000032   Code   RO         2258    .text.sfud_write    sfud.o
    0x0800dd9e   0x0800dd9e   0x00000002   PAD
    0x0800dda0   0x0800dda0   0x000000d0   Code   RO         2268    .text.sfud_write_status  sfud.o
    0x0800de70   0x0800de70   0x0000004c   Code   RO         2236    .text.software_init  sfud.o
    0x0800debc   0x0800debc   0x00000050   Code   RO           26    .text.sort          gd32f10x_it.o
    0x0800df0c   0x0800df0c   0x00000048   Code   RO          213    .text.spi0_config   spi_flash.o
    0x0800df54   0x0800df54   0x00000028   Code   RO          209    .text.spi0_gpio_config  spi_flash.o
    0x0800df7c   0x0800df7c   0x0000001c   Code   RO          211    .text.spi0_rcu_config  spi_flash.o
    0x0800df98   0x0800df98   0x0000004a   Code   RO          221    .text.spi2_config   spi_flash.o
    0x0800dfe2   0x0800dfe2   0x00000002   PAD
    0x0800dfe4   0x0800dfe4   0x0000001a   Code   RO          217    .text.spi2_gpio_config  spi_flash.o
    0x0800dffe   0x0800dffe   0x00000002   PAD
    0x0800e000   0x0800e000   0x00000014   Code   RO          219    .text.spi2_rcu_config  spi_flash.o
    0x0800e014   0x0800e014   0x0000000a   Code   RO         1438    .text.spi_enable    gd32f10x_spi.o
    0x0800e01e   0x0800e01e   0x00000002   PAD
    0x0800e020   0x0800e020   0x00000006   Code   RO         1468    .text.spi_i2s_data_receive  gd32f10x_spi.o
    0x0800e026   0x0800e026   0x00000002   PAD
    0x0800e028   0x0800e028   0x00000004   Code   RO         1466    .text.spi_i2s_data_transmit  gd32f10x_spi.o
    0x0800e02c   0x0800e02c   0x00000046   Code   RO         1432    .text.spi_i2s_deinit  gd32f10x_spi.o
    0x0800e072   0x0800e072   0x00000002   PAD
    0x0800e074   0x0800e074   0x0000000a   Code   RO         1484    .text.spi_i2s_flag_get  gd32f10x_spi.o
    0x0800e07e   0x0800e07e   0x00000002   PAD
    0x0800e080   0x0800e080   0x00000034   Code   RO         1436    .text.spi_init      gd32f10x_spi.o
    0x0800e0b4   0x0800e0b4   0x00000004   Code   RO         2213    .text.spi_lock      sfud_port.o
    0x0800e0b8   0x0800e0b8   0x00000012   Code   RO         1434    .text.spi_struct_para_init  gd32f10x_spi.o
    0x0800e0ca   0x0800e0ca   0x00000002   PAD
    0x0800e0cc   0x0800e0cc   0x00000004   Code   RO         2215    .text.spi_unlock    sfud_port.o
    0x0800e0d0   0x0800e0d0   0x00000058   Code   RO         2211    .text.spi_write_read  sfud_port.o
    0x0800e128   0x0800e128   0x000000ae   Code   RO         1770    .text.system_clock_108m_hxtal  system_gd32f10x.o
    0x0800e1d6   0x0800e1d6   0x00000002   PAD
    0x0800e1d8   0x0800e1d8   0x00000008   Code   RO         1766    .text.system_clock_config  system_gd32f10x.o
    0x0800e1e0   0x0800e1e0   0x0000002a   Code   RO           43    .text.systick_config  systick.o
    0x0800e20a   0x0800e20a   0x00000002   PAD
    0x0800e20c   0x0800e20c   0x0000002e   Code   RO          350    .text.time_adjust   rtc.o
    0x0800e23a   0x0800e23a   0x00000002   PAD
    0x0800e23c   0x0800e23c   0x0000006a   Code   RO         1648    .text.usart_baudrate_set  gd32f10x_usart.o
    0x0800e2a6   0x0800e2a6   0x00000002   PAD
    0x0800e2a8   0x0800e2a8   0x000001b2   Code   RO          163    .text.usart_config  usart.o
    0x0800e45a   0x0800e45a   0x00000002   PAD
    0x0800e45c   0x0800e45c   0x00000008   Code   RO         1666    .text.usart_data_receive  gd32f10x_usart.o
    0x0800e464   0x0800e464   0x00000008   Code   RO         1664    .text.usart_data_transmit  gd32f10x_usart.o
    0x0800e46c   0x0800e46c   0x00000076   Code   RO         1646    .text.usart_deinit  gd32f10x_usart.o
    0x0800e4e2   0x0800e4e2   0x00000002   PAD
    0x0800e4e4   0x0800e4e4   0x0000000a   Code   RO         1658    .text.usart_disable  gd32f10x_usart.o
    0x0800e4ee   0x0800e4ee   0x00000002   PAD
    0x0800e4f0   0x0800e4f0   0x00000014   Code   RO         1716    .text.usart_dma_receive_config  gd32f10x_usart.o
    0x0800e504   0x0800e504   0x0000000a   Code   RO         1656    .text.usart_enable  gd32f10x_usart.o
    0x0800e50e   0x0800e50e   0x00000002   PAD
    0x0800e510   0x0800e510   0x00000010   Code   RO         1720    .text.usart_flag_get  gd32f10x_usart.o
    0x0800e520   0x0800e520   0x00000014   Code   RO         1714    .text.usart_hardware_flow_cts_config  gd32f10x_usart.o
    0x0800e534   0x0800e534   0x00000014   Code   RO         1712    .text.usart_hardware_flow_rts_config  gd32f10x_usart.o
    0x0800e548   0x0800e548   0x00000018   Code   RO         1724    .text.usart_interrupt_enable  gd32f10x_usart.o
    0x0800e560   0x0800e560   0x00000022   Code   RO         1728    .text.usart_interrupt_flag_get  gd32f10x_usart.o
    0x0800e582   0x0800e582   0x00000002   PAD
    0x0800e584   0x0800e584   0x00000018   Code   RO          159    .text.usart_nvic_config  usart.o
    0x0800e59c   0x0800e59c   0x00000010   Code   RO         1650    .text.usart_parity_config  gd32f10x_usart.o
    0x0800e5ac   0x0800e5ac   0x0000000c   Code   RO         1662    .text.usart_receive_config  gd32f10x_usart.o
    0x0800e5b8   0x0800e5b8   0x00000010   Code   RO         1654    .text.usart_stop_bit_set  gd32f10x_usart.o
    0x0800e5c8   0x0800e5c8   0x0000000c   Code   RO         1660    .text.usart_transmit_config  gd32f10x_usart.o
    0x0800e5d4   0x0800e5d4   0x00000010   Code   RO         1652    .text.usart_word_length_set  gd32f10x_usart.o
    0x0800e5e4   0x0800e5e4   0x000000ea   Code   RO          181    .text.user_gpio_init  gpio.o
    0x0800e6ce   0x0800e6ce   0x00000002   PAD
    0x0800e6d0   0x0800e6d0   0x00000058   Code   RO         2185    .text.vPortFree     malloc.o
    0x0800e728   0x0800e728   0x000000b0   Code   RO         2248    .text.wait_busy     sfud.o
    0x0800e7d8   0x0800e7d8   0x00000064   Code   RO           77    .text.write_channel_info  main.o
    0x0800e83c   0x0800e83c   0x00000076   Code   RO           75    .text.write_dev_info  main.o
    0x0800e8b2   0x0800e8b2   0x00000002   PAD
    0x0800e8b4   0x0800e8b4   0x000000c0   Code   RO          117    .text.write_history_data  main.o
    0x0800e974   0x0800e974   0x00000020   Code   RO         2603    i.__0printf         mc_w.l(printfa.o)
    0x0800e994   0x0800e994   0x00000034   Code   RO         2604    i.__0snprintf       mc_w.l(printfa.o)
    0x0800e9c8   0x0800e9c8   0x00000028   Code   RO         2605    i.__0sprintf        mc_w.l(printfa.o)
    0x0800e9f0   0x0800e9f0   0x00000034   Code   RO         2608    i.__0vsnprintf      mc_w.l(printfa.o)
    0x0800ea24   0x0800ea24   0x00000008   Code   RO         2693    i.__aeabi_errno_addr  mc_w.l(errno.o)
    0x0800ea2c   0x0800ea2c   0x0000000e   Code   RO         2732    i.__scatterload_copy  mc_w.l(handlers.o)
    0x0800ea3a   0x0800ea3a   0x00000002   Code   RO         2733    i.__scatterload_null  mc_w.l(handlers.o)
    0x0800ea3c   0x0800ea3c   0x0000000e   Code   RO         2734    i.__scatterload_zeroinit  mc_w.l(handlers.o)
    0x0800ea4a   0x0800ea4a   0x00000002   PAD
    0x0800ea4c   0x0800ea4c   0x00000184   Code   RO         2610    i._fp_digits        mc_w.l(printfa.o)
    0x0800ebd0   0x0800ebd0   0x000006dc   Code   RO         2611    i._printf_core      mc_w.l(printfa.o)
    0x0800f2ac   0x0800f2ac   0x00000024   Code   RO         2612    i._printf_post_padding  mc_w.l(printfa.o)
    0x0800f2d0   0x0800f2d0   0x0000002e   Code   RO         2613    i._printf_pre_padding  mc_w.l(printfa.o)
    0x0800f2fe   0x0800f2fe   0x00000016   Code   RO         2614    i._snputc           mc_w.l(printfa.o)
    0x0800f314   0x0800f314   0x0000000a   Code   RO         2615    i._sputc            mc_w.l(printfa.o)
    0x0800f31e   0x0800f31e   0x00000002   PAD
    0x0800f320   0x0800f320   0x0000000c   Code   RO         2314    i.putchar           mc_w.l(putchar.o)
    0x0800f32c   0x0800f32c   0x00000024   Code   RO         2312    i.puts              mc_w.l(puts.o)
    0x0800f350   0x0800f350   0x00000081   Data   RO         2319    .constdata          mc_w.l(ctype_o.o)
    0x0800f3d1   0x0800f3d1   0x00000003   PAD
    0x0800f3d4   0x0800f3d4   0x00000004   Data   RO         2320    .constdata          mc_w.l(ctype_o.o)
    0x0800f3d8   0x0800f3d8   0x00000474   Data   RO          271    .rodata.ascii_1206  lcd.o
    0x0800f84c   0x0800f84c   0x000005f0   Data   RO          272    .rodata.ascii_1608  lcd.o
    0x0800fe3c   0x0800fe3c   0x000011d0   Data   RO          273    .rodata.ascii_2412  lcd.o
    0x0801100c   0x0801100c   0x000017c0   Data   RO          274    .rodata.ascii_3216  lcd.o
    0x080127cc   0x080127cc   0x00000080   Data   RO         2169    .rodata.cst32       lfs.o
    0x0801284c   0x0801284c   0x000002d0   Data   RO         2278    .rodata.flash_chip_table  sfud.o
    0x08012b1c   0x08012b1c   0x00000040   Data   RO         1792    .rodata.lfs_crc.rtable  lfs_util.o
    0x08012b5c   0x08012b5c   0x0000000c   Data   RO         2170    .rodata.lfs_file_open_.defaults  lfs.o
    0x08012b68   0x08012b68   0x00000090   Data   RO         2279    .rodata.mf_table    sfud.o
    0x08012bf8   0x08012bf8   0x0000000c   Data   RO          364    .rodata.month_days  rtc.o
    0x08012c04   0x08012c04   0x0000002b   Data   RO          135    .rodata.str1.1      main.o
    0x08012c2f   0x08012c2f   0x0000001f   Data   RO          363    .rodata.str1.1      rtc.o
    0x08012c4e   0x08012c4e   0x0000039f   Data   RO          504    .rodata.str1.1      bw236.o
    0x08012fed   0x08012fed   0x00000466   Data   RO         2168    .rodata.str1.1      lfs.o
    0x08013453   0x08013453   0x00000408   Data   RO         2276    .rodata.str1.1      sfud.o
    0x0801385b   0x0801385b   0x000005c6   Data   RO         2301    .rodata.str1.1      sfud_sfdp.o
    0x08013e21   0x08013e21   0x00000082   Data   RO          275    .rodata.tfont12     lcd.o
    0x08013ea3   0x08013ea3   0x00000908   Data   RO          276    .rodata.tfont16     lcd.o
    0x080147ab   0x080147ab   0x000009d4   Data   RO          277    .rodata.tfont24     lcd.o
    0x0801517f   0x0801517f   0x0000028a   Data   RO          278    .rodata.tfont32     lcd.o
    0x08015409   0x08015409   0x00000003   PAD
    0x0801540c   0x0801540c   0x00000020   Data   RO         2731    Region$$Table       anon$$obj.o


    Execution Region RW_IRAM1 (Exec base: 0x20000000, Load base: 0x08015430, Size: 0x0000c530, Max: 0x00010000, ABSOLUTE, COMPRESSED[0x00000238])

    Exec Addr    Load Addr    Size         Type   Attr      Idx    E Section Name        Object

    0x20000000   COMPRESSED   0x00000004   Data   RW         2675    .data               mc_w.l(stdout.o)
    0x20000004   COMPRESSED   0x00000004   Data   RW         2696    .data               mc_w.l(errno.o)
    0x20000008   COMPRESSED   0x00000200   Data   RW          382    .data.RS485_CRCTbl  misc.o
    0x20000208   COMPRESSED   0x00000004   Data   RW         1772    .data.SystemCoreClock  system_gd32f10x.o
    0x2000020c   COMPRESSED   0x00000018   Data   RW          132    .data.Thresholds    main.o
    0x20000224   COMPRESSED   0x00000074   Data   RW         2277    .data.flash_table   sfud.o
    0x20000298   COMPRESSED   0x00000017   Data   RW          131    .data.g_devInfo     main.o
    0x200002af   COMPRESSED   0x00000001   PAD
    0x200002b0        -       0x0000001c   Zero   RW          147    .bss.CollectTimer   main.o
    0x200002cc        -       0x00000001   Zero   RW          141    .bss.ExitTransparentState  main.o
    0x200002cd   COMPRESSED   0x00000003   PAD
    0x200002d0        -       0x0000001c   Zero   RW          140    .bss.ProcessSaveHsTimer  main.o
    0x200002ec        -       0x00000004   Zero   RW          362    .bss.RTCSRC_FLAG    rtc.o
    0x200002f0        -       0x00000050   Zero   RW           32    .bss.adc_buffer     gd32f10x_it.o
    0x20000340        -       0x00000008   Zero   RW          199    .bss.adc_value      adc.o
    0x20000348        -       0x00001030   Zero   RW          503    .bss.at_cmd         bw236.o
    0x20001378        -       0x00000001   Zero   RW           33    .bss.buffer_index   gd32f10x_it.o
    0x20001379   COMPRESSED   0x00000003   PAD
    0x2000137c        -       0x00000054   Zero   RW         1811    .bss.cfg            lfs_port.o
    0x200013d0        -       0x00000001   Zero   RW          142    .bss.commandCount   main.o
    0x200013d1   COMPRESSED   0x00000003   PAD
    0x200013d4        -       0x00000100   Zero   RW          143    .bss.commandTable   main.o
    0x200014d4        -       0x00000004   Zero   RW           57    .bss.delay          systick.o
    0x200014d8        -       0x00000054   Zero   RW          138    .bss.file_dev       main.o
    0x2000152c        -       0x00000054   Zero   RW          144    .bss.file_hs        main.o
    0x20001580        -       0x00000054   Zero   RW          139    .bss.file_sensor    main.o
    0x200015d4        -       0x00000008   Zero   RW          200    .bss.filtered_adc_values  adc.o
    0x200015dc        -       0x00000006   Zero   RW          365    .bss.g_DateTime     rtc.o
    0x200015e2   COMPRESSED   0x00000002   PAD
    0x200015e4        -       0x00000008   Zero   RW          334    .bss.g_HDC1080      i2c.o
    0x200015ec        -       0x00000014   Zero   RW          333    .bss.g_INA226       i2c.o
    0x20001600        -       0x00000008   Zero   RW          134    .bss.g_actual_length  main.o
    0x20001608        -       0x00000028   Zero   RW          136    .bss.g_channelInfo  main.o
    0x20001630        -       0x00000010   Zero   RW          335    .bss.g_environment  i2c.o
    0x20001640        -       0x00000002   Zero   RW          133    .bss.history_flag   main.o
    0x20001642        -       0x00000001   Zero   RW          505    .bss.is_transparent_mode  bw236.o
    0x20001643   COMPRESSED   0x00000001   PAD
    0x20001644        -       0x00000080   Zero   RW          137    .bss.lfs            main.o
    0x200016c4        -       0x00000100   Zero   RW         2223    .bss.log_buf        sfud_port.o
    0x200017c4        -       0x00000020   Zero   RW           34    .bss.middle_values  gd32f10x_it.o
    0x200017e4        -       0x00000105   Zero   RW         2280    .bss.page256_or_1_byte_write.cmd_data  sfud.o
    0x200018e9   COMPRESSED   0x00000003   PAD
    0x200018ec        -       0x00000004   Zero   RW         2193    .bss.pxEnd          malloc.o
    0x200018f0        -       0x00000004   Zero   RW          146    .bss.read_history_data.lfs_seek  main.o
    0x200018f4        -       0x00000004   Zero   RW          145    .bss.read_history_lenth.lfs_seek  main.o
    0x200018f8        -       0x00000004   Zero   RW          506    .bss.tcp_id         bw236.o
    0x200018fc        -       0x00000004   Zero   RW          414    .bss.timer_head     bsp_timer.o
    0x20001900        -       0x00000406   Zero   RW          171    .bss.uart0_rx       usart.o
    0x20001d06        -       0x00000406   Zero   RW          172    .bss.uart1_rx       usart.o
    0x2000210c        -       0x00009800   Zero   RW         2200    .bss.ucHeap         malloc.o
    0x2000b90c        -       0x00000004   Zero   RW           58    .bss.uwTick         systick.o
    0x2000b910        -       0x00000001   Zero   RW         2194    .bss.xBlockAllocatedBit  malloc.o
    0x2000b911   COMPRESSED   0x00000003   PAD
    0x2000b914        -       0x00000004   Zero   RW         2195    .bss.xFreeBytesRemaining  malloc.o
    0x2000b918        -       0x00000004   Zero   RW         2197    .bss.xMinimumEverFreeBytesRemaining  malloc.o
    0x2000b91c        -       0x00000004   Zero   RW         2198    .bss.xNumberOfSuccessfulAllocations  malloc.o
    0x2000b920        -       0x00000004   Zero   RW         2199    .bss.xNumberOfSuccessfulFrees  malloc.o
    0x2000b924        -       0x00000008   Zero   RW         2196    .bss.xStart         malloc.o
    0x2000b92c   COMPRESSED   0x00000004   PAD
    0x2000b930        -       0x00000c00   Zero   RW         1780    STACK               startup_gd32f10x_hd.o


==============================================================================

Image component sizes


      Code (inc. data)   RO Data    RW Data    ZI Data      Debug   Object Name

       394          0          0          0         16       4310   adc.o
       276          0          0          0          4       3251   bsp_timer.o
      5360        930        927          0       4149      15221   bw236.o
       404          0          0          0          0       6580   can.o
       564          0          0          0          0       8891   gd32f10x_adc.o
       114          0          0          0          0       3981   gd32f10x_bkp.o
       964         16          0          0          0      12479   gd32f10x_can.o
       446          0          0          0          0       8592   gd32f10x_dma.o
       304          0          0          0          0       5315   gd32f10x_gpio.o
       378          0          0          0          0       9495   gd32f10x_i2c.o
       704          8          0          0        113       4882   gd32f10x_it.o
       146          0          0          0          0       4774   gd32f10x_misc.o
        18          0          0          0          0       3916   gd32f10x_pmu.o
       664         28          0          0          0      11468   gd32f10x_rcu.o
       156          0          0          0          0       2774   gd32f10x_rtc.o
       170          0          0          0          0       6808   gd32f10x_spi.o
       466          0          0          0          0       9034   gd32f10x_usart.o
       234          0          0          0          0       1363   gpio.o
      2030        232          0          0         44       6270   i2c.o
      2594         12      18908          0          0      13320   lcd.o
     20998       1452       1266          0          0      88063   lfs.o
       188          0          0          0         84       4542   lfs_port.o
        62          0         64          0          0        984   lfs_util.o
      6612       1048         43         47        752      21157   main.o
       550          0          0          0      38941       3150   malloc.o
        50          0          0        512          0       1992   misc.o
      1018        144         43          0         10       7240   rtc.o
      4392        776       1896        116        261      14723   sfud.o
       310         24          0          0        256       4184   sfud_port.o
      2232        412       1478          0          0       5922   sfud_sfdp.o
       396          0          0          0          0       2830   spi_flash.o
        36          8        304          0       3072        760   startup_gd32f10x_hd.o
       472          0          0          4          0       1526   system_gd32f10x.o
       170          0          0          0          8       4129   systick.o
       916         16          0          0       2060       6105   usart.o

    ----------------------------------------------------------------------
     55152       5106      24964        680      49792     310031   Object Totals
         0          0         32          0          0          0   (incl. Generated)
       364          0          3          1         22          0   (incl. Padding)

    ----------------------------------------------------------------------

      Code (inc. data)   RO Data    RW Data    ZI Data      Debug   Library Member Name

        56          8          0          0          0         84   __0sscanf.o
        58          0          0          0          0          0   __dczerorl.o
        28          0          0          0          0         68   _chval.o
       812          4          0          0          0        112   _scanf.o
       332          0          0          0          0         96   _scanf_int.o
       224          0          0          0          0         96   _scanf_str.o
        64          0          0          0          0         84   _sgetc.o
       158          0          0          0          0         92   _strtoul.o
         8          4        133          0          0         68   ctype_o.o
         0          0          0          0          0          0   entry.o
         0          0          0          0          0          0   entry10a.o
         0          0          0          0          0          0   entry11a.o
         8          4          0          0          0          0   entry2.o
         4          0          0          0          0          0   entry5.o
         0          0          0          0          0          0   entry7b.o
         0          0          0          0          0          0   entry8b.o
         8          4          0          0          0          0   entry9a.o
         8          4          0          4          0         68   errno.o
        30          0          0          0          0          0   handlers.o
        36          8          0          0          0         68   init.o
        18          0          0          0          0         76   isspace_o.o
         0          0          0          0          0          0   iusefp.o
        30          0          0          0          0         68   llshl.o
        36          0          0          0          0         68   llsshr.o
        32          0          0          0          0         68   llushr.o
        26          0          0          0          0         80   memcmp.o
        36          0          0          0          0         68   memcpya.o
        36          0          0          0          0        108   memseta.o
      2434        106          0          0          0        840   printfa.o
        12          6          0          0          0         68   putchar.o
        36          6          0          0          0         80   puts.o
        40          8          0          0          0         84   scanf_char.o
         0          0          0          4          0          0   stdout.o
        20          0          0          0          0         68   strchr.o
        28          0          0          0          0         76   strcmp.o
        34          0          0          0          0         80   strcspn.o
        14          0          0          0          0         68   strlen.o
        40          0          0          0          0         76   strncat.o
        24          0          0          0          0         76   strncpy.o
        28          0          0          0          0         80   strspn.o
        36          0          0          0          0         80   strstr.o
       112          0          0          0          0         88   strtol.o
        44          0          0          0          0         80   uidiv.o
        98          0          0          0          0         92   uldiv.o
        48          0          0          0          0         68   cdrcmple.o
        56          0          0          0          0         88   d2f.o
       334          0          0          0          0        148   dadd.o
       222          0          0          0          0        100   ddiv.o
       186          0          0          0          0        176   depilogue.o
        48          0          0          0          0         68   dfixul.o
       228          0          0          0          0         96   dmul.o
        38          0          0          0          0         68   f2d.o
       176          0          0          0          0        140   fadd.o
        28          0          0          0          0         68   fcmpgt.o
       124          0          0          0          0         88   fdiv.o
       110          0          0          0          0        168   fepilogue.o
        50          0          0          0          0         68   ffixi.o
        18          0          0          0          0         68   fflti.o
        10          0          0          0          0         68   ffltui.o
       100          0          0          0          0         76   fmul.o

    ----------------------------------------------------------------------
      6832        162        136          8          0       4864   Library Totals
         8          0          3          0          0          0   (incl. Padding)

    ----------------------------------------------------------------------

      Code (inc. data)   RO Data    RW Data    ZI Data      Debug   Library Name

      5048        162        133          8          0       3308   mc_w.l
      1776          0          0          0          0       1556   mf_w.l

    ----------------------------------------------------------------------
      6832        162        136          8          0       4864   Library Totals

    ----------------------------------------------------------------------

==============================================================================


      Code (inc. data)   RO Data    RW Data    ZI Data      Debug   

     61984       5268      25100        688      49792     311711   Grand Totals
     61984       5268      25100        568      49792     311711   ELF Image Totals (compressed)
     61984       5268      25100        568          0          0   ROM Totals

==============================================================================

    Total RO  Size (Code + RO Data)                87084 (  85.04kB)
    Total RW  Size (RW Data + ZI Data)             50480 (  49.30kB)
    Total ROM Size (Code + RO Data + RW Data)      87652 (  85.60kB)

==============================================================================

